Archive member included to satisfy reference by file (symbol)

/usr/lib/gcc/arm-none-eabi/9.2.1/thumb/v6-m/nofp/libgcc.a(_dvmd_tls.o)
                              CMakeFiles/pico-fso-bitbang.dir/home/toor/Downloads/pico/pico-sdk/src/rp2_common/pico_divider/divider.S.obj (__aeabi_idiv0)
/usr/lib/gcc/arm-none-eabi/9.2.1/../../../arm-none-eabi/lib/thumb/v6-m/nofp/libg.a(lib_a-atexit.o)
                              /usr/lib/gcc/arm-none-eabi/9.2.1/../../../arm-none-eabi/lib/thumb/v6-m/nofp/crt0.o (atexit)
/usr/lib/gcc/arm-none-eabi/9.2.1/../../../arm-none-eabi/lib/thumb/v6-m/nofp/libg.a(lib_a-calloc.o)
                              CMakeFiles/pico-fso-bitbang.dir/home/toor/Downloads/pico/pico-sdk/src/rp2_common/pico_malloc/pico_malloc.c.obj (calloc)
/usr/lib/gcc/arm-none-eabi/9.2.1/../../../arm-none-eabi/lib/thumb/v6-m/nofp/libg.a(lib_a-callocr.o)
                              /usr/lib/gcc/arm-none-eabi/9.2.1/../../../arm-none-eabi/lib/thumb/v6-m/nofp/libg.a(lib_a-calloc.o) (_calloc_r)
/usr/lib/gcc/arm-none-eabi/9.2.1/../../../arm-none-eabi/lib/thumb/v6-m/nofp/libg.a(lib_a-ctype_.o)
                              CMakeFiles/pico-fso-bitbang.dir/main.c.obj (_ctype_)
/usr/lib/gcc/arm-none-eabi/9.2.1/../../../arm-none-eabi/lib/thumb/v6-m/nofp/libg.a(lib_a-fini.o)
                              /usr/lib/gcc/arm-none-eabi/9.2.1/../../../arm-none-eabi/lib/thumb/v6-m/nofp/crt0.o (__libc_fini_array)
/usr/lib/gcc/arm-none-eabi/9.2.1/../../../arm-none-eabi/lib/thumb/v6-m/nofp/libg.a(lib_a-impure.o)
                              /usr/lib/gcc/arm-none-eabi/9.2.1/../../../arm-none-eabi/lib/thumb/v6-m/nofp/libg.a(lib_a-calloc.o) (_impure_ptr)
/usr/lib/gcc/arm-none-eabi/9.2.1/../../../arm-none-eabi/lib/thumb/v6-m/nofp/libg.a(lib_a-init.o)
                              /usr/lib/gcc/arm-none-eabi/9.2.1/../../../arm-none-eabi/lib/thumb/v6-m/nofp/crt0.o (__libc_init_array)
/usr/lib/gcc/arm-none-eabi/9.2.1/../../../arm-none-eabi/lib/thumb/v6-m/nofp/libg.a(lib_a-malloc.o)
                              CMakeFiles/pico-fso-bitbang.dir/home/toor/Downloads/pico/pico-sdk/src/rp2_common/pico_malloc/pico_malloc.c.obj (malloc)
/usr/lib/gcc/arm-none-eabi/9.2.1/../../../arm-none-eabi/lib/thumb/v6-m/nofp/libg.a(lib_a-mallocr.o)
                              /usr/lib/gcc/arm-none-eabi/9.2.1/../../../arm-none-eabi/lib/thumb/v6-m/nofp/libg.a(lib_a-callocr.o) (_malloc_r)
/usr/lib/gcc/arm-none-eabi/9.2.1/../../../arm-none-eabi/lib/thumb/v6-m/nofp/libg.a(lib_a-mlock.o)
                              /usr/lib/gcc/arm-none-eabi/9.2.1/../../../arm-none-eabi/lib/thumb/v6-m/nofp/libg.a(lib_a-mallocr.o) (__malloc_lock)
/usr/lib/gcc/arm-none-eabi/9.2.1/../../../arm-none-eabi/lib/thumb/v6-m/nofp/libg.a(lib_a-realloc.o)
                              CMakeFiles/pico-fso-bitbang.dir/home/toor/Downloads/pico/pico-sdk/src/rp2_common/pico_malloc/pico_malloc.c.obj (realloc)
/usr/lib/gcc/arm-none-eabi/9.2.1/../../../arm-none-eabi/lib/thumb/v6-m/nofp/libg.a(lib_a-reallocr.o)
                              /usr/lib/gcc/arm-none-eabi/9.2.1/../../../arm-none-eabi/lib/thumb/v6-m/nofp/libg.a(lib_a-realloc.o) (_realloc_r)
/usr/lib/gcc/arm-none-eabi/9.2.1/../../../arm-none-eabi/lib/thumb/v6-m/nofp/libg.a(lib_a-sbrkr.o)
                              /usr/lib/gcc/arm-none-eabi/9.2.1/../../../arm-none-eabi/lib/thumb/v6-m/nofp/libg.a(lib_a-mallocr.o) (_sbrk_r)
/usr/lib/gcc/arm-none-eabi/9.2.1/../../../arm-none-eabi/lib/thumb/v6-m/nofp/libg.a(lib_a-strlen-stub.o)
                              CMakeFiles/pico-fso-bitbang.dir/home/toor/Downloads/pico/pico-sdk/src/rp2_common/pico_stdio/stdio.c.obj (strlen)
/usr/lib/gcc/arm-none-eabi/9.2.1/../../../arm-none-eabi/lib/thumb/v6-m/nofp/libg.a(lib_a-__atexit.o)
                              /usr/lib/gcc/arm-none-eabi/9.2.1/../../../arm-none-eabi/lib/thumb/v6-m/nofp/libg.a(lib_a-atexit.o) (__register_exitproc)
/usr/lib/gcc/arm-none-eabi/9.2.1/../../../arm-none-eabi/lib/thumb/v6-m/nofp/libg.a(lib_a-freer.o)
                              /usr/lib/gcc/arm-none-eabi/9.2.1/../../../arm-none-eabi/lib/thumb/v6-m/nofp/libg.a(lib_a-malloc.o) (_free_r)
/usr/lib/gcc/arm-none-eabi/9.2.1/../../../arm-none-eabi/lib/thumb/v6-m/nofp/libg.a(lib_a-memmove.o)
                              /usr/lib/gcc/arm-none-eabi/9.2.1/../../../arm-none-eabi/lib/thumb/v6-m/nofp/libg.a(lib_a-reallocr.o) (memmove)
/usr/lib/gcc/arm-none-eabi/9.2.1/../../../arm-none-eabi/lib/thumb/v6-m/nofp/libg.a(lib_a-reent.o)
                              /usr/lib/gcc/arm-none-eabi/9.2.1/../../../arm-none-eabi/lib/thumb/v6-m/nofp/libg.a(lib_a-sbrkr.o) (errno)

Allocating common symbols
Common symbol       size              file

sf_table            0x100             CMakeFiles/pico-fso-bitbang.dir/home/toor/Downloads/pico/pico-sdk/src/rp2_common/pico_float/float_init_rom.c.obj
errno               0x4               /usr/lib/gcc/arm-none-eabi/9.2.1/../../../arm-none-eabi/lib/thumb/v6-m/nofp/libg.a(lib_a-reent.o)
[...]
Memory Configuration

Name             Origin             Length             Attributes
FLASH            0x0000000010000000 0x0000000000200000 xr
RAM              0x0000000020000000 0x0000000000040000 xrw
SCRATCH_X        0x0000000020040000 0x0000000000001000 xrw
SCRATCH_Y        0x0000000020041000 0x0000000000001000 xrw
*default*        0x0000000000000000 0xffffffffffffffff

Linker script and memory map

LOAD /usr/lib/gcc/arm-none-eabi/9.2.1/thumb/v6-m/nofp/crti.o
LOAD /usr/lib/gcc/arm-none-eabi/9.2.1/thumb/v6-m/nofp/crtbegin.o
LOAD /usr/lib/gcc/arm-none-eabi/9.2.1/../../../arm-none-eabi/lib/thumb/v6-m/nofp/crt0.o

.flash_begin    0x0000000010000000        0x0
                0x0000000010000000                __flash_binary_start = .

.boot2          0x0000000010000000      0x100
                0x0000000010000000                __boot2_start__ = .
 *(.boot2)
 .boot2         0x0000000010000000      0x100 /tmp/ccyuF65B.o
                0x0000000010000100                __boot2_end__ = .
                0x0000000000000001                ASSERT (((__boot2_end__ - __boot2_start__) == 0x100), ERROR: Pico second stage bootloader must be 256 bytes in size)

.text           0x0000000010000100     0x4f50
                0x0000000010000100                __logical_binary_start = .
 *(.vectors)
 .vectors       0x0000000010000100       0xd4 CMakeFiles/pico-fso-bitbang.dir/home/toor/Downloads/pico/pico-sdk/src/rp2_common/pico_standard_link/crt0.S.obj
                0x0000000010000100                __vectors
                0x0000000010000100                __VECTOR_TABLE
                0x00000000100001c0                isr_invalid
                0x00000000100001c0                __default_isrs_start
                0x00000000100001c2                isr_nmi
                0x00000000100001c4                isr_hardfault
                0x00000000100001c6                isr_svcall
                0x00000000100001c8                isr_pendsv
                0x00000000100001ca                isr_systick
                0x00000000100001cc                isr_irq30
                0x00000000100001cc                __unhandled_user_irq
                0x00000000100001cc                isr_irq13
                0x00000000100001cc                isr_irq27
                0x00000000100001cc                isr_irq31
                0x00000000100001cc                isr_irq5
                0x00000000100001cc                isr_irq11
                0x00000000100001cc                isr_irq23
                0x00000000100001cc                isr_irq18
                0x00000000100001cc                isr_irq28
                0x00000000100001cc                isr_irq19
                0x00000000100001cc                isr_irq0
                0x00000000100001cc                isr_irq6
                0x00000000100001cc                isr_irq22
                0x00000000100001cc                isr_irq17
                0x00000000100001cc                isr_irq14
                0x00000000100001cc                isr_irq2
                0x00000000100001cc                isr_irq10
                0x00000000100001cc                isr_irq8
                0x00000000100001cc                isr_irq24
                0x00000000100001cc                isr_irq1
                0x00000000100001cc                isr_irq7
                0x00000000100001cc                isr_irq21
                0x00000000100001cc                isr_irq20
                0x00000000100001cc                isr_irq15
                0x00000000100001cc                isr_irq25
                0x00000000100001cc                isr_irq4
                0x00000000100001cc                isr_irq16
                0x00000000100001cc                isr_irq29
                0x00000000100001cc                isr_irq26
                0x00000000100001cc                __default_isrs_end
                0x00000000100001cc                isr_irq3
                0x00000000100001cc                isr_irq12
                0x00000000100001cc                isr_irq9
                0x00000000100001d2                unhandled_user_irq_num_in_r0
 *(.binary_info_header)
 .binary_info_header
                0x00000000100001d4       0x14 CMakeFiles/pico-fso-bitbang.dir/home/toor/Downloads/pico/pico-sdk/src/rp2_common/pico_standard_link/crt0.S.obj
                0x00000000100001e8                __binary_info_header_end = .
 *(.reset)
 .reset         0x00000000100001e8       0xa8 CMakeFiles/pico-fso-bitbang.dir/home/toor/Downloads/pico/pico-sdk/src/rp2_common/pico_standard_link/crt0.S.obj
                0x00000000100001e8                _entry_point
                0x0000000010000266                __get_current_exception
 .reset         0x0000000010000290       0x30 CMakeFiles/pico-fso-bitbang.dir/home/toor/Downloads/pico/pico-sdk/src/rp2_common/pico_standard_link/binary_info.c.obj
 *(.init)
 .init          0x00000000100002c0        0x4 /usr/lib/gcc/arm-none-eabi/9.2.1/thumb/v6-m/nofp/crti.o
                0x00000000100002c0                _init
 *(EXCLUDE_FILE(*libm.a: *libc.a:*lib_a-mem*.o *libgcc.a:) .text*)
 .text          0x00000000100002c4       0x98 /usr/lib/gcc/arm-none-eabi/9.2.1/thumb/v6-m/nofp/crtbegin.o
 .text.timer_callback
                0x000000001000035c       0xcc CMakeFiles/pico-fso-bitbang.dir/main.c.obj
                0x000000001000035c                timer_callback
 .text.main     0x0000000010000428       0xc8 CMakeFiles/pico-fso-bitbang.dir/main.c.obj
                0x0000000010000428                main
 .text.gpio_set_function
                0x00000000100004f0       0x30 CMakeFiles/pico-fso-bitbang.dir/home/toor/Downloads/pico/pico-sdk/src/rp2_common/hardware_gpio/gpio.c.obj
                0x00000000100004f0                gpio_set_function
 .text.gpio_set_pulls
                0x0000000010000520       0x34 CMakeFiles/pico-fso-bitbang.dir/home/toor/Downloads/pico/pico-sdk/src/rp2_common/hardware_gpio/gpio.c.obj
                0x0000000010000520                gpio_set_pulls
 .text.gpio_init
                0x0000000010000554       0x16 CMakeFiles/pico-fso-bitbang.dir/home/toor/Downloads/pico/pico-sdk/src/rp2_common/hardware_gpio/gpio.c.obj
                0x0000000010000554                gpio_init
 *fill*         0x000000001000056a        0x2 
 .text.hw_claim_lock
                0x000000001000056c       0x18 CMakeFiles/pico-fso-bitbang.dir/home/toor/Downloads/pico/pico-sdk/src/rp2_common/hardware_claim/claim.c.obj
                0x000000001000056c                hw_claim_lock
 .text.hw_claim_unlock
                0x0000000010000584       0x14 CMakeFiles/pico-fso-bitbang.dir/home/toor/Downloads/pico/pico-sdk/src/rp2_common/hardware_claim/claim.c.obj
                0x0000000010000584                hw_claim_unlock
 .text.hw_claim_or_assert
                0x0000000010000598       0x32 CMakeFiles/pico-fso-bitbang.dir/home/toor/Downloads/pico/pico-sdk/src/rp2_common/hardware_claim/claim.c.obj
                0x0000000010000598                hw_claim_or_assert
 *fill*         0x00000000100005ca        0x2 
 .text.running_on_fpga
                0x00000000100005cc       0x14 CMakeFiles/pico-fso-bitbang.dir/home/toor/Downloads/pico/pico-sdk/src/rp2_common/pico_platform/platform.c.obj
                0x00000000100005cc                running_on_fpga
 .text.spin_locks_reset
                0x00000000100005e0       0x20 CMakeFiles/pico-fso-bitbang.dir/home/toor/Downloads/pico/pico-sdk/src/rp2_common/hardware_sync/sync.c.obj
                0x00000000100005e0                spin_locks_reset
 .text.next_striped_spin_lock_num
                0x0000000010000600       0x1c CMakeFiles/pico-fso-bitbang.dir/home/toor/Downloads/pico/pico-sdk/src/rp2_common/hardware_sync/sync.c.obj
                0x0000000010000600                next_striped_spin_lock_num
 .text.set_raw_irq_handler_and_unlock
                0x000000001000061c       0x28 CMakeFiles/pico-fso-bitbang.dir/home/toor/Downloads/pico/pico-sdk/src/rp2_common/hardware_irq/irq.c.obj
 .text.make_branch
                0x0000000010000644       0x48 CMakeFiles/pico-fso-bitbang.dir/home/toor/Downloads/pico/pico-sdk/src/rp2_common/hardware_irq/irq.c.obj
 .text.insert_branch_and_link
                0x000000001000068c       0x40 CMakeFiles/pico-fso-bitbang.dir/home/toor/Downloads/pico/pico-sdk/src/rp2_common/hardware_irq/irq.c.obj
 .text.irq_is_enabled
                0x00000000100006cc       0x18 CMakeFiles/pico-fso-bitbang.dir/home/toor/Downloads/pico/pico-sdk/src/rp2_common/hardware_irq/irq.c.obj
                0x00000000100006cc                irq_is_enabled
 .text.irq_set_mask_enabled
                0x00000000100006e4       0x20 CMakeFiles/pico-fso-bitbang.dir/home/toor/Downloads/pico/pico-sdk/src/rp2_common/hardware_irq/irq.c.obj
                0x00000000100006e4                irq_set_mask_enabled
 .text.irq_set_enabled
                0x0000000010000704        0xe CMakeFiles/pico-fso-bitbang.dir/home/toor/Downloads/pico/pico-sdk/src/rp2_common/hardware_irq/irq.c.obj
                0x0000000010000704                irq_set_enabled
 *fill*         0x0000000010000712        0x2 
 .text.irq_get_vtable_handler
                0x0000000010000714       0x10 CMakeFiles/pico-fso-bitbang.dir/home/toor/Downloads/pico/pico-sdk/src/rp2_common/hardware_irq/irq.c.obj
                0x0000000010000714                irq_get_vtable_handler
 .text.irq_set_exclusive_handler
                0x0000000010000724       0x54 CMakeFiles/pico-fso-bitbang.dir/home/toor/Downloads/pico/pico-sdk/src/rp2_common/hardware_irq/irq.c.obj
                0x0000000010000724                irq_set_exclusive_handler
 .text.irq_remove_handler
                0x0000000010000778      0x1a8 CMakeFiles/pico-fso-bitbang.dir/home/toor/Downloads/pico/pico-sdk/src/rp2_common/hardware_irq/irq.c.obj
                0x0000000010000778                irq_remove_handler
 .text.irq_add_tail_to_free_list
                0x0000000010000920       0xf0 CMakeFiles/pico-fso-bitbang.dir/home/toor/Downloads/pico/pico-sdk/src/rp2_common/hardware_irq/irq.c.obj
                0x0000000010000920                irq_add_tail_to_free_list
 .text.irq_init_priorities
                0x0000000010000a10       0x1c CMakeFiles/pico-fso-bitbang.dir/home/toor/Downloads/pico/pico-sdk/src/rp2_common/hardware_irq/irq.c.obj
                0x0000000010000a10                irq_init_priorities
 .text.lock_init
                0x0000000010000a2c       0x10 CMakeFiles/pico-fso-bitbang.dir/home/toor/Downloads/pico/pico-sdk/src/common/pico_sync/lock_core.c.obj
                0x0000000010000a2c                lock_init
 .text.repeating_timer_callback
                0x0000000010000a3c       0x40 CMakeFiles/pico-fso-bitbang.dir/home/toor/Downloads/pico/pico-sdk/src/common/pico_time/time.c.obj
 .text.alarm_pool_post_alloc_init
                0x0000000010000a7c       0x40 CMakeFiles/pico-fso-bitbang.dir/home/toor/Downloads/pico/pico-sdk/src/common/pico_time/time.c.obj
 .text.timer_pool_entry_comparator
                0x0000000010000abc       0x7c CMakeFiles/pico-fso-bitbang.dir/home/toor/Downloads/pico/pico-sdk/src/common/pico_time/time.c.obj
                0x0000000010000abc                timer_pool_entry_comparator
 .text.ph_add_child_node
                0x0000000010000b38       0xa4 CMakeFiles/pico-fso-bitbang.dir/home/toor/Downloads/pico/pico-sdk/src/common/pico_time/time.c.obj
 .text.ph_merge_nodes
                0x0000000010000bdc       0x3e CMakeFiles/pico-fso-bitbang.dir/home/toor/Downloads/pico/pico-sdk/src/common/pico_time/time.c.obj
 *fill*         0x0000000010000c1a        0x2 
 .text.add_alarm_under_lock
                0x0000000010000c1c      0x174 CMakeFiles/pico-fso-bitbang.dir/home/toor/Downloads/pico/pico-sdk/src/common/pico_time/time.c.obj
 .text.alarm_pool_alarm_callback
                0x0000000010000d90      0x32c CMakeFiles/pico-fso-bitbang.dir/home/toor/Downloads/pico/pico-sdk/src/common/pico_time/time.c.obj
 .text.alarm_pool_init_default
                0x00000000100010bc       0x38 CMakeFiles/pico-fso-bitbang.dir/home/toor/Downloads/pico/pico-sdk/src/common/pico_time/time.c.obj
                0x00000000100010bc                alarm_pool_init_default
 .text.alarm_pool_get_default
                0x00000000100010f4       0x2c CMakeFiles/pico-fso-bitbang.dir/home/toor/Downloads/pico/pico-sdk/src/common/pico_time/time.c.obj
                0x00000000100010f4                alarm_pool_get_default
 .text.alarm_pool_add_alarm_at
                0x0000000010001120      0x170 CMakeFiles/pico-fso-bitbang.dir/home/toor/Downloads/pico/pico-sdk/src/common/pico_time/time.c.obj
                0x0000000010001120                alarm_pool_add_alarm_at
 .text.alarm_pool_add_repeating_timer_us
                0x0000000010001290       0x98 CMakeFiles/pico-fso-bitbang.dir/home/toor/Downloads/pico/pico-sdk/src/common/pico_time/time.c.obj
                0x0000000010001290                alarm_pool_add_repeating_timer_us
 .text.hardware_alarm_irq_handler
                0x0000000010001328       0x8c CMakeFiles/pico-fso-bitbang.dir/home/toor/Downloads/pico/pico-sdk/src/rp2_common/hardware_timer/timer.c.obj
 .text.hardware_alarm_claim
                0x00000000100013b4       0x18 CMakeFiles/pico-fso-bitbang.dir/home/toor/Downloads/pico/pico-sdk/src/rp2_common/hardware_timer/timer.c.obj
                0x00000000100013b4                hardware_alarm_claim
 .text.time_us_64
                0x00000000100013cc       0x18 CMakeFiles/pico-fso-bitbang.dir/home/toor/Downloads/pico/pico-sdk/src/rp2_common/hardware_timer/timer.c.obj
                0x00000000100013cc                time_us_64
 .text.busy_wait_until
                0x00000000100013e4       0x24 CMakeFiles/pico-fso-bitbang.dir/home/toor/Downloads/pico/pico-sdk/src/rp2_common/hardware_timer/timer.c.obj
                0x00000000100013e4                busy_wait_until
 .text.busy_wait_us
                0x0000000010001408       0x48 CMakeFiles/pico-fso-bitbang.dir/home/toor/Downloads/pico/pico-sdk/src/rp2_common/hardware_timer/timer.c.obj
                0x0000000010001408                busy_wait_us
 .text.hardware_alarm_set_callback
                0x0000000010001450       0x90 CMakeFiles/pico-fso-bitbang.dir/home/toor/Downloads/pico/pico-sdk/src/rp2_common/hardware_timer/timer.c.obj
                0x0000000010001450                hardware_alarm_set_callback
 .text.hardware_alarm_set_target
                0x00000000100014e0       0xe8 CMakeFiles/pico-fso-bitbang.dir/home/toor/Downloads/pico/pico-sdk/src/rp2_common/hardware_timer/timer.c.obj
                0x00000000100014e0                hardware_alarm_set_target
 .text.hardware_alarm_cancel
                0x00000000100015c8       0x40 CMakeFiles/pico-fso-bitbang.dir/home/toor/Downloads/pico/pico-sdk/src/rp2_common/hardware_timer/timer.c.obj
                0x00000000100015c8                hardware_alarm_cancel
 .text.ph_add_child_node
                0x0000000010001608       0xa4 CMakeFiles/pico-fso-bitbang.dir/home/toor/Downloads/pico/pico-sdk/src/common/pico_util/pheap.c.obj
 .text.ph_merge_nodes
                0x00000000100016ac       0x3e CMakeFiles/pico-fso-bitbang.dir/home/toor/Downloads/pico/pico-sdk/src/common/pico_util/pheap.c.obj
 *fill*         0x00000000100016ea        0x2 
 .text.ph_clear
                0x00000000100016ec       0x70 CMakeFiles/pico-fso-bitbang.dir/home/toor/Downloads/pico/pico-sdk/src/common/pico_util/pheap.c.obj
                0x00000000100016ec                ph_clear
 .text.ph_post_alloc_init
                0x000000001000175c        0xe CMakeFiles/pico-fso-bitbang.dir/home/toor/Downloads/pico/pico-sdk/src/common/pico_util/pheap.c.obj
                0x000000001000175c                ph_post_alloc_init
 *fill*         0x000000001000176a        0x2 
 .text.ph_merge_two_pass
                0x000000001000176c       0xa8 CMakeFiles/pico-fso-bitbang.dir/home/toor/Downloads/pico/pico-sdk/src/common/pico_util/pheap.c.obj
                0x000000001000176c                ph_merge_two_pass
 .text.ph_remove_any_head
                0x0000000010001814      0x108 CMakeFiles/pico-fso-bitbang.dir/home/toor/Downloads/pico/pico-sdk/src/common/pico_util/pheap.c.obj
 .text.ph_remove_head
                0x000000001000191c       0x14 CMakeFiles/pico-fso-bitbang.dir/home/toor/Downloads/pico/pico-sdk/src/common/pico_util/pheap.c.obj
                0x000000001000191c                ph_remove_head
 .text.ph_remove_and_free_node
                0x0000000010001930       0xf8 CMakeFiles/pico-fso-bitbang.dir/home/toor/Downloads/pico/pico-sdk/src/common/pico_util/pheap.c.obj
                0x0000000010001930                ph_remove_and_free_node
 .text.queue_add_internal
                0x0000000010001a28       0xa0 CMakeFiles/pico-fso-bitbang.dir/home/toor/Downloads/pico/pico-sdk/src/common/pico_util/queue.c.obj
 .text.queue_remove_internal
                0x0000000010001ac8       0xa4 CMakeFiles/pico-fso-bitbang.dir/home/toor/Downloads/pico/pico-sdk/src/common/pico_util/queue.c.obj
 .text.queue_init_with_spinlock
                0x0000000010001b6c       0x24 CMakeFiles/pico-fso-bitbang.dir/home/toor/Downloads/pico/pico-sdk/src/common/pico_util/queue.c.obj
                0x0000000010001b6c                queue_init_with_spinlock
 .text.queue_try_add
                0x0000000010001b90        0xa CMakeFiles/pico-fso-bitbang.dir/home/toor/Downloads/pico/pico-sdk/src/common/pico_util/queue.c.obj
                0x0000000010001b90                queue_try_add
 .text.queue_try_remove
                0x0000000010001b9a        0xa CMakeFiles/pico-fso-bitbang.dir/home/toor/Downloads/pico/pico-sdk/src/common/pico_util/queue.c.obj
                0x0000000010001b9a                queue_try_remove
 .text.mutex_init
                0x0000000010001ba4       0x1a CMakeFiles/pico-fso-bitbang.dir/home/toor/Downloads/pico/pico-sdk/src/common/pico_sync/mutex.c.obj
                0x0000000010001ba4                mutex_init
 .text.recursive_mutex_init
                0x0000000010001bbe       0x1e CMakeFiles/pico-fso-bitbang.dir/home/toor/Downloads/pico/pico-sdk/src/common/pico_sync/mutex.c.obj
                0x0000000010001bbe                recursive_mutex_init
 .text.uart_set_baudrate
                0x0000000010001bdc       0x5c CMakeFiles/pico-fso-bitbang.dir/home/toor/Downloads/pico/pico-sdk/src/rp2_common/hardware_uart/uart.c.obj
                0x0000000010001bdc                uart_set_baudrate
 .text.uart_set_translate_crlf
                0x0000000010001c38       0x28 CMakeFiles/pico-fso-bitbang.dir/home/toor/Downloads/pico/pico-sdk/src/rp2_common/hardware_uart/uart.c.obj
                0x0000000010001c38                uart_set_translate_crlf
 .text.uart_init
                0x0000000010001c60       0x80 CMakeFiles/pico-fso-bitbang.dir/home/toor/Downloads/pico/pico-sdk/src/rp2_common/hardware_uart/uart.c.obj
                0x0000000010001c60                uart_init
 .text._exit    0x0000000010001ce0        0x4 CMakeFiles/pico-fso-bitbang.dir/home/toor/Downloads/pico/pico-sdk/src/rp2_common/pico_runtime/runtime.c.obj
                0x0000000010001ce0                _exit
 .text._sbrk    0x0000000010001ce4       0x38 CMakeFiles/pico-fso-bitbang.dir/home/toor/Downloads/pico/pico-sdk/src/rp2_common/pico_runtime/runtime.c.obj
                0x0000000010001ce4                _sbrk
 .text.exit     0x0000000010001d1c        0x6 CMakeFiles/pico-fso-bitbang.dir/home/toor/Downloads/pico/pico-sdk/src/rp2_common/pico_runtime/runtime.c.obj
                0x0000000010001d1c                exit
 *fill*         0x0000000010001d22        0x2 
 .text.__assert_func
                0x0000000010001d24       0x3c CMakeFiles/pico-fso-bitbang.dir/home/toor/Downloads/pico/pico-sdk/src/rp2_common/pico_runtime/runtime.c.obj
                0x0000000010001d24                __assert_func
 .text.runtime_init
                0x0000000010001d60       0xf8 CMakeFiles/pico-fso-bitbang.dir/home/toor/Downloads/pico/pico-sdk/src/rp2_common/pico_runtime/runtime.c.obj
                0x0000000010001d60                runtime_init
 .text.panic    0x0000000010001e58       0x30 CMakeFiles/pico-fso-bitbang.dir/home/toor/Downloads/pico/pico-sdk/src/rp2_common/pico_runtime/runtime.c.obj
                0x0000000010001e58                panic
 .text.clock_configure
                0x0000000010001e88      0x104 CMakeFiles/pico-fso-bitbang.dir/home/toor/Downloads/pico/pico-sdk/src/rp2_common/hardware_clocks/clocks.c.obj
                0x0000000010001e88                clock_configure
 .text.clocks_init
                0x0000000010001f8c      0x100 CMakeFiles/pico-fso-bitbang.dir/home/toor/Downloads/pico/pico-sdk/src/rp2_common/hardware_clocks/clocks.c.obj
                0x0000000010001f8c                clocks_init
 .text.clock_get_hz
                0x000000001000208c        0xc CMakeFiles/pico-fso-bitbang.dir/home/toor/Downloads/pico/pico-sdk/src/rp2_common/hardware_clocks/clocks.c.obj
                0x000000001000208c                clock_get_hz
 .text.pll_init
                0x0000000010002098      0x140 CMakeFiles/pico-fso-bitbang.dir/home/toor/Downloads/pico/pico-sdk/src/rp2_common/hardware_pll/pll.c.obj
                0x0000000010002098                pll_init
 .text.watchdog_start_tick
                0x00000000100021d8       0x10 CMakeFiles/pico-fso-bitbang.dir/home/toor/Downloads/pico/pico-sdk/src/rp2_common/hardware_watchdog/watchdog.c.obj
                0x00000000100021d8                watchdog_start_tick
 .text.xosc_init
                0x00000000100021e8       0x28 CMakeFiles/pico-fso-bitbang.dir/home/toor/Downloads/pico/pico-sdk/src/rp2_common/hardware_xosc/xosc.c.obj
                0x00000000100021e8                xosc_init
 .text._out_null
                0x0000000010002210        0x2 CMakeFiles/pico-fso-bitbang.dir/home/toor/Downloads/pico/pico-sdk/src/rp2_common/pico_printf/printf.c.obj
 .text._out_fct
                0x0000000010002212        0xe CMakeFiles/pico-fso-bitbang.dir/home/toor/Downloads/pico/pico-sdk/src/rp2_common/pico_printf/printf.c.obj
 .text._atoi    0x0000000010002220       0x24 CMakeFiles/pico-fso-bitbang.dir/home/toor/Downloads/pico/pico-sdk/src/rp2_common/pico_printf/printf.c.obj
 .text._out_rev
                0x0000000010002244       0xae CMakeFiles/pico-fso-bitbang.dir/home/toor/Downloads/pico/pico-sdk/src/rp2_common/pico_printf/printf.c.obj
 .text._ntoa_format
                0x00000000100022f2      0x110 CMakeFiles/pico-fso-bitbang.dir/home/toor/Downloads/pico/pico-sdk/src/rp2_common/pico_printf/printf.c.obj
 .text._ntoa_long
                0x0000000010002402       0xbc CMakeFiles/pico-fso-bitbang.dir/home/toor/Downloads/pico/pico-sdk/src/rp2_common/pico_printf/printf.c.obj
 .text._ntoa_long_long
                0x00000000100024be       0xe2 CMakeFiles/pico-fso-bitbang.dir/home/toor/Downloads/pico/pico-sdk/src/rp2_common/pico_printf/printf.c.obj
 .text._etoa    0x00000000100025a0      0x40c CMakeFiles/pico-fso-bitbang.dir/home/toor/Downloads/pico/pico-sdk/src/rp2_common/pico_printf/printf.c.obj
 .text._ftoa    0x00000000100029ac      0x354 CMakeFiles/pico-fso-bitbang.dir/home/toor/Downloads/pico/pico-sdk/src/rp2_common/pico_printf/printf.c.obj
 .text._vsnprintf
                0x0000000010002d00      0x628 CMakeFiles/pico-fso-bitbang.dir/home/toor/Downloads/pico/pico-sdk/src/rp2_common/pico_printf/printf.c.obj
 .text.vfctprintf
                0x0000000010003328       0x20 CMakeFiles/pico-fso-bitbang.dir/home/toor/Downloads/pico/pico-sdk/src/rp2_common/pico_printf/printf.c.obj
                0x0000000010003328                vfctprintf
 .text          0x0000000010003348       0x10 CMakeFiles/pico-fso-bitbang.dir/home/toor/Downloads/pico/pico-sdk/src/rp2_common/pico_bit_ops/bit_ops_aeabi.S.obj
 .text.rom_func_lookup
                0x0000000010003358       0x10 CMakeFiles/pico-fso-bitbang.dir/home/toor/Downloads/pico/pico-sdk/src/rp2_common/pico_bootrom/bootrom.c.obj
                0x0000000010003358                rom_func_lookup
 .text.rom_data_lookup
                0x0000000010003368       0x10 CMakeFiles/pico-fso-bitbang.dir/home/toor/Downloads/pico/pico-sdk/src/rp2_common/pico_bootrom/bootrom.c.obj
                0x0000000010003368                rom_data_lookup
 .text.rom_funcs_lookup
                0x0000000010003378       0x36 CMakeFiles/pico-fso-bitbang.dir/home/toor/Downloads/pico/pico-sdk/src/rp2_common/pico_bootrom/bootrom.c.obj
                0x0000000010003378                rom_funcs_lookup
 *fill*         0x00000000100033ae        0x2 
 .text.__wrap___aeabi_idiv
                0x00000000100033b0       0x50 CMakeFiles/pico-fso-bitbang.dir/home/toor/Downloads/pico/pico-sdk/src/rp2_common/pico_divider/divider.S.obj
                0x00000000100033b0                __wrap___aeabi_idivmod
                0x00000000100033b0                divmod_s32s32
                0x00000000100033b0                div_s32s32
                0x00000000100033b0                __wrap___aeabi_idiv
                0x00000000100033b8                divmod_s32s32_unsafe
                0x00000000100033e4                divmod_s32s32_savestate
 .text.__wrap___aeabi_uidiv
                0x0000000010003400       0x4c CMakeFiles/pico-fso-bitbang.dir/home/toor/Downloads/pico/pico-sdk/src/rp2_common/pico_divider/divider.S.obj
                0x0000000010003400                __wrap___aeabi_uidiv
                0x0000000010003400                __wrap___aeabi_uidivmod
                0x0000000010003400                div_u32u32
                0x0000000010003400                divmod_u32u32
                0x0000000010003408                divmod_u32u32_unsafe
                0x0000000010003430                divmod_u32u32_savestate
 .text.__wrap___aeabi_ldiv
                0x000000001000344c      0x434 CMakeFiles/pico-fso-bitbang.dir/home/toor/Downloads/pico/pico-sdk/src/rp2_common/pico_divider/divider.S.obj
                0x000000001000344c                div_s64s64
                0x000000001000344c                divmod_s64s64
                0x000000001000344c                __wrap___aeabi_ldivmod
                0x0000000010003484                div_u64u64
                0x0000000010003484                divmod_u64u64
                0x0000000010003484                __wrap___aeabi_uldivmod
                0x0000000010003494                divmod_u64u64_savestate
                0x00000000100034bc                divmod_s64s64_unsafe
                0x0000000010003544                divmod_u64u64_unsafe
 .text.__wrap___aeabi_darithmetic
                0x0000000010003880       0x80 CMakeFiles/pico-fso-bitbang.dir/home/toor/Downloads/pico/pico-sdk/src/rp2_common/pico_double/double_aeabi.S.obj
                0x0000000010003880                __wrap___aeabi_drsub
                0x0000000010003886                __wrap___aeabi_dsub
                0x0000000010003898                __wrap___aeabi_dadd
                0x00000000100038aa                __wrap___aeabi_ddiv
                0x00000000100038e6                __wrap___aeabi_dmul
 .text.__wrap___aeabi_cdcmple
                0x0000000010003900       0x6c CMakeFiles/pico-fso-bitbang.dir/home/toor/Downloads/pico/pico-sdk/src/rp2_common/pico_double/double_aeabi.S.obj
                0x0000000010003900                __wrap___aeabi_cdrcmple
                0x0000000010003910                __wrap___aeabi_cdcmple
                0x0000000010003910                __wrap___aeabi_cdcmpeq
 .text.__wrap___aeabi_dcmplt
                0x000000001000396c        0xc CMakeFiles/pico-fso-bitbang.dir/home/toor/Downloads/pico/pico-sdk/src/rp2_common/pico_double/double_aeabi.S.obj
                0x000000001000396c                __wrap___aeabi_dcmplt
 .text.__wrap___aeabi_dcmple
                0x0000000010003978       0x10 CMakeFiles/pico-fso-bitbang.dir/home/toor/Downloads/pico/pico-sdk/src/rp2_common/pico_double/double_aeabi.S.obj
                0x0000000010003978                __wrap___aeabi_dcmple
 .text.__wrap___aeabi_dcmpge
                0x0000000010003988       0x10 CMakeFiles/pico-fso-bitbang.dir/home/toor/Downloads/pico/pico-sdk/src/rp2_common/pico_double/double_aeabi.S.obj
                0x0000000010003988                __wrap___aeabi_dcmpge
 .text.__wrap___aeabi_dcmpgt
                0x0000000010003998        0xa CMakeFiles/pico-fso-bitbang.dir/home/toor/Downloads/pico/pico-sdk/src/rp2_common/pico_double/double_aeabi.S.obj
                0x0000000010003998                __wrap___aeabi_dcmpgt
 .text.__wrap___aeabi_dcmpun
                0x00000000100039a2       0x1c CMakeFiles/pico-fso-bitbang.dir/home/toor/Downloads/pico/pico-sdk/src/rp2_common/pico_double/double_aeabi.S.obj
                0x00000000100039a2                __wrap___aeabi_dcmpun
 *fill*         0x00000000100039be        0x2 
 .text.__wrap___aeabi_i2d
                0x00000000100039c0       0x38 CMakeFiles/pico-fso-bitbang.dir/home/toor/Downloads/pico/pico-sdk/src/rp2_common/pico_double/double_aeabi.S.obj
                0x00000000100039c0                __wrap___aeabi_ui2d
                0x00000000100039c8                __wrap___aeabi_i2d
 .text.__wrap___aeabi_d2iz
                0x00000000100039f8       0x48 CMakeFiles/pico-fso-bitbang.dir/home/toor/Downloads/pico/pico-sdk/src/rp2_common/pico_double/double_aeabi.S.obj
                0x00000000100039f8                __wrap___aeabi_d2iz
                0x00000000100039f8                double2int_z
 .text.__wrap___aeabi_d2uiz
                0x0000000010003a40       0x18 CMakeFiles/pico-fso-bitbang.dir/home/toor/Downloads/pico/pico-sdk/src/rp2_common/pico_double/double_aeabi.S.obj
                0x0000000010003a40                double2uint
                0x0000000010003a40                __wrap___aeabi_d2uiz
 .text.__aeabi_double_init
                0x0000000010003a58       0xc8 CMakeFiles/pico-fso-bitbang.dir/home/toor/Downloads/pico/pico-sdk/src/rp2_common/pico_double/double_init_rom.c.obj
                0x0000000010003a58                __aeabi_double_init
 .text.double_table_shim_on_use_helper
                0x0000000010003b20       0x34 CMakeFiles/pico-fso-bitbang.dir/home/toor/Downloads/pico/pico-sdk/src/rp2_common/pico_double/double_v1_rom_shim.S.obj
                0x0000000010003b20                double_table_shim_on_use_helper
 .text.__wrap___aeabi_dsub
                0x0000000010003b54       0x10 CMakeFiles/pico-fso-bitbang.dir/home/toor/Downloads/pico/pico-sdk/src/rp2_common/pico_double/double_v1_rom_shim.S.obj
                0x0000000010003b54                drsub_shim
                0x0000000010003b5a                dsub_shim
 .text.dadd_shim
                0x0000000010003b64      0x15c CMakeFiles/pico-fso-bitbang.dir/home/toor/Downloads/pico/pico-sdk/src/rp2_common/pico_double/double_v1_rom_shim.S.obj
                0x0000000010003b64                dadd_shim
 .text.dmul_shim
                0x0000000010003cc0      0x15c CMakeFiles/pico-fso-bitbang.dir/home/toor/Downloads/pico/pico-sdk/src/rp2_common/pico_double/double_v1_rom_shim.S.obj
                0x0000000010003cc0                dmul_shim
 .text.ddiv_shim
                0x0000000010003e1c      0x1b0 CMakeFiles/pico-fso-bitbang.dir/home/toor/Downloads/pico/pico-sdk/src/rp2_common/pico_double/double_v1_rom_shim.S.obj
                0x0000000010003e1c                ddiv_shim
 .text.double2uint_shim
                0x0000000010003fcc        0xe CMakeFiles/pico-fso-bitbang.dir/home/toor/Downloads/pico/pico-sdk/src/rp2_common/pico_double/double_v1_rom_shim.S.obj
                0x0000000010003fcc                double2uint_shim
                0x0000000010003fce                double2ufix_shim
 *fill*         0x0000000010003fda        0x2 
 .text.double2uint64_shim
                0x0000000010003fdc       0x70 CMakeFiles/pico-fso-bitbang.dir/home/toor/Downloads/pico/pico-sdk/src/rp2_common/pico_double/double_v1_rom_shim.S.obj
                0x0000000010003fdc                double2uint64_shim
                0x0000000010003fde                double2ufix64_shim
                0x0000000010003ffe                d2fix_a
 .text.dunpacks
                0x000000001000404c       0x3c CMakeFiles/pico-fso-bitbang.dir/home/toor/Downloads/pico/pico-sdk/src/rp2_common/pico_double/double_v1_rom_shim.S.obj
                0x000000001000404c                dunpacks
 .text.__aeabi_float_init
                0x0000000010004088       0xfc CMakeFiles/pico-fso-bitbang.dir/home/toor/Downloads/pico/pico-sdk/src/rp2_common/pico_float/float_init_rom.c.obj
                0x0000000010004088                __aeabi_float_init
 .text.float_table_shim_on_use_helper
                0x0000000010004184       0x34 CMakeFiles/pico-fso-bitbang.dir/home/toor/Downloads/pico/pico-sdk/src/rp2_common/pico_float/float_v1_rom_shim.S.obj
                0x0000000010004184                float_table_shim_on_use_helper
 .text.__wrap_calloc
                0x00000000100041b8       0x24 CMakeFiles/pico-fso-bitbang.dir/home/toor/Downloads/pico/pico-sdk/src/rp2_common/pico_malloc/pico_malloc.c.obj
                0x00000000100041b8                __wrap_calloc
 .text          0x00000000100041dc       0x10 CMakeFiles/pico-fso-bitbang.dir/home/toor/Downloads/pico/pico-sdk/src/rp2_common/pico_mem_ops/mem_ops_aeabi.S.obj
                0x00000000100041dc                __aeabi_mem_init
 .text.memset   0x00000000100041ec        0xc CMakeFiles/pico-fso-bitbang.dir/home/toor/Downloads/pico/pico-sdk/src/rp2_common/pico_mem_ops/mem_ops_aeabi.S.obj
                0x00000000100041ec                __wrap_memset
 .text.memcpy   0x00000000100041f8        0xc CMakeFiles/pico-fso-bitbang.dir/home/toor/Downloads/pico/pico-sdk/src/rp2_common/pico_mem_ops/mem_ops_aeabi.S.obj
                0x00000000100041f8                __wrap___aeabi_memcpy
                0x00000000100041f8                __wrap_memcpy
 .text.stdio_out_chars_no_crlf
                0x0000000010004204        0xe CMakeFiles/pico-fso-bitbang.dir/home/toor/Downloads/pico/pico-sdk/src/rp2_common/pico_stdio/stdio.c.obj
 *fill*         0x0000000010004212        0x2 
 .text.stdio_out_chars_crlf
                0x0000000010004214       0x80 CMakeFiles/pico-fso-bitbang.dir/home/toor/Downloads/pico/pico-sdk/src/rp2_common/pico_stdio/stdio.c.obj
 .text.stdio_stack_buffer_flush
                0x0000000010004294       0x44 CMakeFiles/pico-fso-bitbang.dir/home/toor/Downloads/pico/pico-sdk/src/rp2_common/pico_stdio/stdio.c.obj
 .text.stdio_buffered_printer
                0x00000000100042d8       0x20 CMakeFiles/pico-fso-bitbang.dir/home/toor/Downloads/pico/pico-sdk/src/rp2_common/pico_stdio/stdio.c.obj
 .text.stdio_get_until
                0x00000000100042f8       0x80 CMakeFiles/pico-fso-bitbang.dir/home/toor/Downloads/pico/pico-sdk/src/rp2_common/pico_stdio/stdio.c.obj
 .text.stdout_serialize_begin
                0x0000000010004378       0x30 CMakeFiles/pico-fso-bitbang.dir/home/toor/Downloads/pico/pico-sdk/src/rp2_common/pico_stdio/stdio.c.obj
                0x0000000010004378                stdout_serialize_begin
 .text.stdout_serialize_end
                0x00000000100043a8       0x10 CMakeFiles/pico-fso-bitbang.dir/home/toor/Downloads/pico/pico-sdk/src/rp2_common/pico_stdio/stdio.c.obj
                0x00000000100043a8                stdout_serialize_end
 .text.stdio_put_string
                0x00000000100043b8       0x98 CMakeFiles/pico-fso-bitbang.dir/home/toor/Downloads/pico/pico-sdk/src/rp2_common/pico_stdio/stdio.c.obj
 .text.__wrap_putchar
                0x0000000010004450       0x1c CMakeFiles/pico-fso-bitbang.dir/home/toor/Downloads/pico/pico-sdk/src/rp2_common/pico_stdio/stdio.c.obj
                0x0000000010004450                __wrap_putchar
 .text.stdio_set_driver_enabled
                0x000000001000446c       0x2c CMakeFiles/pico-fso-bitbang.dir/home/toor/Downloads/pico/pico-sdk/src/rp2_common/pico_stdio/stdio.c.obj
                0x000000001000446c                stdio_set_driver_enabled
 .text.stdio_flush
                0x0000000010004498       0x20 CMakeFiles/pico-fso-bitbang.dir/home/toor/Downloads/pico/pico-sdk/src/rp2_common/pico_stdio/stdio.c.obj
                0x0000000010004498                stdio_flush
 .text.__wrap_puts
                0x00000000100044b8       0x1e CMakeFiles/pico-fso-bitbang.dir/home/toor/Downloads/pico/pico-sdk/src/rp2_common/pico_stdio/stdio.c.obj
                0x00000000100044b8                __wrap_puts
 *fill*         0x00000000100044d6        0x2 
 .text.__wrap_vprintf
                0x00000000100044d8       0x44 CMakeFiles/pico-fso-bitbang.dir/home/toor/Downloads/pico/pico-sdk/src/rp2_common/pico_stdio/stdio.c.obj
                0x00000000100044d8                __wrap_vprintf
 .text.__wrap_printf
                0x000000001000451c       0x18 CMakeFiles/pico-fso-bitbang.dir/home/toor/Downloads/pico/pico-sdk/src/rp2_common/pico_stdio/stdio.c.obj
                0x000000001000451c                __wrap_printf
 .text.stdio_init_all
                0x0000000010004534        0x8 CMakeFiles/pico-fso-bitbang.dir/home/toor/Downloads/pico/pico-sdk/src/rp2_common/pico_stdio/stdio.c.obj
                0x0000000010004534                stdio_init_all
 .text.getchar_timeout_us
                0x000000001000453c       0x80 CMakeFiles/pico-fso-bitbang.dir/home/toor/Downloads/pico/pico-sdk/src/rp2_common/pico_stdio/stdio.c.obj
                0x000000001000453c                getchar_timeout_us
 .text.stdio_uart_out_chars
                0x00000000100045bc       0x74 CMakeFiles/pico-fso-bitbang.dir/home/toor/Downloads/pico/pico-sdk/src/rp2_common/pico_stdio_uart/stdio_uart.c.obj
 .text.stdio_uart_in_chars
                0x0000000010004630       0x54 CMakeFiles/pico-fso-bitbang.dir/home/toor/Downloads/pico/pico-sdk/src/rp2_common/pico_stdio_uart/stdio_uart.c.obj
                0x0000000010004630                stdio_uart_in_chars
 .text.stdio_uart_init_full
                0x0000000010004684       0x3c CMakeFiles/pico-fso-bitbang.dir/home/toor/Downloads/pico/pico-sdk/src/rp2_common/pico_stdio_uart/stdio_uart.c.obj
                0x0000000010004684                stdio_uart_init_full
 .text.stdio_uart_init
                0x00000000100046c0       0x28 CMakeFiles/pico-fso-bitbang.dir/home/toor/Downloads/pico/pico-sdk/src/rp2_common/pico_stdio_uart/stdio_uart.c.obj
                0x00000000100046c0                stdio_uart_init
 .text          0x00000000100046e8       0x18 /usr/lib/gcc/arm-none-eabi/9.2.1/../../../arm-none-eabi/lib/thumb/v6-m/nofp/libg.a(lib_a-calloc.o)
                0x00000000100046e8                calloc
 .text          0x0000000010004700       0x5c /usr/lib/gcc/arm-none-eabi/9.2.1/../../../arm-none-eabi/lib/thumb/v6-m/nofp/libg.a(lib_a-callocr.o)
                0x0000000010004700                _calloc_r
 .text          0x000000001000475c      0x58c /usr/lib/gcc/arm-none-eabi/9.2.1/../../../arm-none-eabi/lib/thumb/v6-m/nofp/libg.a(lib_a-mallocr.o)
                0x000000001000475c                _malloc_r
 .text          0x0000000010004ce8        0x8 /usr/lib/gcc/arm-none-eabi/9.2.1/../../../arm-none-eabi/lib/thumb/v6-m/nofp/libg.a(lib_a-mlock.o)
                0x0000000010004ce8                __malloc_lock
                0x0000000010004cec                __malloc_unlock
 .text          0x0000000010004cf0       0x24 /usr/lib/gcc/arm-none-eabi/9.2.1/../../../arm-none-eabi/lib/thumb/v6-m/nofp/libg.a(lib_a-sbrkr.o)
                0x0000000010004cf0                _sbrk_r
 .text          0x0000000010004d14       0x68 /usr/lib/gcc/arm-none-eabi/9.2.1/../../../arm-none-eabi/lib/thumb/v6-m/nofp/libg.a(lib_a-strlen-stub.o)
                0x0000000010004d14                strlen
 .text          0x0000000010004d7c      0x27c /usr/lib/gcc/arm-none-eabi/9.2.1/../../../arm-none-eabi/lib/thumb/v6-m/nofp/libg.a(lib_a-freer.o)
                0x0000000010004d7c                _malloc_trim_r
                0x0000000010004e1c                _free_r
 *(.fini)
 .fini          0x0000000010004ff8        0x4 /usr/lib/gcc/arm-none-eabi/9.2.1/thumb/v6-m/nofp/crti.o
                0x0000000010004ff8                _fini
 *fill*         0x0000000010004ffc        0x4 
 .fini.__stub   0x0000000010005000       0x50 linker stubs
 *crtbegin.o(.ctors)
 *crtbegin?.o(.ctors)
 *(EXCLUDE_FILE(*crtend.o *crtend?.o) .ctors)
 *(SORT_BY_NAME(.ctors.*))
 *(.ctors)
 *crtbegin.o(.dtors)
 *crtbegin?.o(.dtors)
 *(EXCLUDE_FILE(*crtend.o *crtend?.o) .dtors)
 *(SORT_BY_NAME(.dtors.*))
 *(.dtors)
 *(.eh_frame*)
 .eh_frame      0x0000000010005050        0x0 /usr/lib/gcc/arm-none-eabi/9.2.1/thumb/v6-m/nofp/crtbegin.o
                0x0000000010005050                . = ALIGN (0x4)

.glue_7         0x0000000010005050        0x0
 .glue_7        0x0000000010005050        0x0 linker stubs

.glue_7t        0x0000000010005050        0x0
 .glue_7t       0x0000000010005050        0x0 linker stubs

.vfp11_veneer   0x0000000010005050        0x0
 .vfp11_veneer  0x0000000010005050        0x0 linker stubs

.v4_bx          0x0000000010005050        0x0
 .v4_bx         0x0000000010005050        0x0 linker stubs

.iplt           0x0000000010005050        0x0
 .iplt          0x0000000010005050        0x0 /usr/lib/gcc/arm-none-eabi/9.2.1/thumb/v6-m/nofp/crtbegin.o

.rodata         0x0000000010005050     0x113c
 *(EXCLUDE_FILE(*libm.a: *libc.a:*lib_a-mem*.o *libgcc.a:) .rodata*)
 .rodata.main.str1.4
                0x0000000010005050       0x23 CMakeFiles/pico-fso-bitbang.dir/main.c.obj
 *fill*         0x0000000010005073        0x1 
 .rodata.make_branch.str1.4
                0x0000000010005074       0x75 CMakeFiles/pico-fso-bitbang.dir/home/toor/Downloads/pico/pico-sdk/src/rp2_common/hardware_irq/irq.c.obj
 *fill*         0x00000000100050e9        0x3 
 .rodata.insert_branch_and_link.str1.4
                0x00000000100050ec       0x10 CMakeFiles/pico-fso-bitbang.dir/home/toor/Downloads/pico/pico-sdk/src/rp2_common/hardware_irq/irq.c.obj
 .rodata.irq_set_exclusive_handler.str1.4
                0x00000000100050fc       0x36 CMakeFiles/pico-fso-bitbang.dir/home/toor/Downloads/pico/pico-sdk/src/rp2_common/hardware_irq/irq.c.obj
 *fill*         0x0000000010005132        0x2 
 .rodata.irq_add_shared_handler.str1.4
                0x0000000010005134       0xd9 CMakeFiles/pico-fso-bitbang.dir/home/toor/Downloads/pico/pico-sdk/src/rp2_common/hardware_irq/irq.c.obj
 *fill*         0x000000001000520d        0x3 
 .rodata.irq_remove_handler.str1.4
                0x0000000010005210       0x2a CMakeFiles/pico-fso-bitbang.dir/home/toor/Downloads/pico/pico-sdk/src/rp2_common/hardware_irq/irq.c.obj
 *fill*         0x000000001000523a        0x2 
 .rodata.irq_add_tail_to_free_list.str1.4
                0x000000001000523c       0x3a CMakeFiles/pico-fso-bitbang.dir/home/toor/Downloads/pico/pico-sdk/src/rp2_common/hardware_irq/irq.c.obj
 *fill*         0x0000000010005276        0x2 
 .rodata.__func__.4777
                0x0000000010005278       0x1a CMakeFiles/pico-fso-bitbang.dir/home/toor/Downloads/pico/pico-sdk/src/rp2_common/hardware_irq/irq.c.obj
 *fill*         0x0000000010005292        0x2 
 .rodata.__func__.4791
                0x0000000010005294        0xc CMakeFiles/pico-fso-bitbang.dir/home/toor/Downloads/pico/pico-sdk/src/rp2_common/hardware_irq/irq.c.obj
 .rodata.__func__.4799
                0x00000000100052a0       0x17 CMakeFiles/pico-fso-bitbang.dir/home/toor/Downloads/pico/pico-sdk/src/rp2_common/hardware_irq/irq.c.obj
 *fill*         0x00000000100052b7        0x1 
 .rodata.__func__.4803
                0x00000000100052b8        0xf CMakeFiles/pico-fso-bitbang.dir/home/toor/Downloads/pico/pico-sdk/src/rp2_common/hardware_irq/irq.c.obj
 *fill*         0x00000000100052c7        0x1 
 .rodata.__func__.4842
                0x00000000100052c8       0x13 CMakeFiles/pico-fso-bitbang.dir/home/toor/Downloads/pico/pico-sdk/src/rp2_common/hardware_irq/irq.c.obj
 *fill*         0x00000000100052db        0x1 
 .rodata.__func__.4864
                0x00000000100052dc       0x1a CMakeFiles/pico-fso-bitbang.dir/home/toor/Downloads/pico/pico-sdk/src/rp2_common/hardware_irq/irq.c.obj
 *fill*         0x00000000100052f6        0x2 
 .rodata.repeating_timer_callback.str1.4
                0x00000000100052f8       0x53 CMakeFiles/pico-fso-bitbang.dir/home/toor/Downloads/pico/pico-sdk/src/common/pico_time/time.c.obj
 *fill*         0x000000001000534b        0x1 
 .rodata.alarm_pool_dump_key.str1.4
                0x000000001000534c       0x33 CMakeFiles/pico-fso-bitbang.dir/home/toor/Downloads/pico/pico-sdk/src/common/pico_time/time.c.obj
 *fill*         0x000000001000537f        0x1 
 .rodata.ph_add_child_node.str1.4
                0x0000000010005380       0x9e CMakeFiles/pico-fso-bitbang.dir/home/toor/Downloads/pico/pico-sdk/src/common/pico_time/time.c.obj
 *fill*         0x000000001000541e        0x2 
 .rodata.add_alarm_under_lock.str1.4
                0x0000000010005420       0x28 CMakeFiles/pico-fso-bitbang.dir/home/toor/Downloads/pico/pico-sdk/src/common/pico_time/time.c.obj
                                         0x2b (size before relaxing)
 .rodata.alarm_pool_alarm_callback.str1.4
                0x0000000010005448       0xee CMakeFiles/pico-fso-bitbang.dir/home/toor/Downloads/pico/pico-sdk/src/common/pico_time/time.c.obj
 *fill*         0x0000000010005536        0x2 
 .rodata.alarm_pool_get_default.str1.4
                0x0000000010005538       0x21 CMakeFiles/pico-fso-bitbang.dir/home/toor/Downloads/pico/pico-sdk/src/common/pico_time/time.c.obj
 *fill*         0x0000000010005559        0x3 
 .rodata.__func__.5701
                0x000000001000555c       0x15 CMakeFiles/pico-fso-bitbang.dir/home/toor/Downloads/pico/pico-sdk/src/common/pico_time/time.c.obj
 *fill*         0x0000000010005571        0x3 
 .rodata.__func__.6019
                0x0000000010005574        0xc CMakeFiles/pico-fso-bitbang.dir/home/toor/Downloads/pico/pico-sdk/src/common/pico_time/time.c.obj
 .rodata.__func__.6026
                0x0000000010005580       0x12 CMakeFiles/pico-fso-bitbang.dir/home/toor/Downloads/pico/pico-sdk/src/common/pico_time/time.c.obj
 *fill*         0x0000000010005592        0x2 
 .rodata.__func__.6042
                0x0000000010005594        0xf CMakeFiles/pico-fso-bitbang.dir/home/toor/Downloads/pico/pico-sdk/src/common/pico_time/time.c.obj
 *fill*         0x00000000100055a3        0x1 
 .rodata.__func__.6064
                0x00000000100055a4        0xd CMakeFiles/pico-fso-bitbang.dir/home/toor/Downloads/pico/pico-sdk/src/common/pico_time/time.c.obj
 *fill*         0x00000000100055b1        0x3 
 .rodata.__func__.6287
                0x00000000100055b4        0xa CMakeFiles/pico-fso-bitbang.dir/home/toor/Downloads/pico/pico-sdk/src/common/pico_time/time.c.obj
 *fill*         0x00000000100055be        0x2 
 .rodata.__func__.6292
                0x00000000100055c0       0x12 CMakeFiles/pico-fso-bitbang.dir/home/toor/Downloads/pico/pico-sdk/src/common/pico_time/time.c.obj
 *fill*         0x00000000100055d2        0x2 
 .rodata.__func__.6307
                0x00000000100055d4       0x17 CMakeFiles/pico-fso-bitbang.dir/home/toor/Downloads/pico/pico-sdk/src/common/pico_time/time.c.obj
 *fill*         0x00000000100055eb        0x1 
 .rodata.__func__.6318
                0x00000000100055ec       0x15 CMakeFiles/pico-fso-bitbang.dir/home/toor/Downloads/pico/pico-sdk/src/common/pico_time/time.c.obj
 *fill*         0x0000000010005601        0x3 
 .rodata.__func__.6335
                0x0000000010005604       0x1a CMakeFiles/pico-fso-bitbang.dir/home/toor/Downloads/pico/pico-sdk/src/common/pico_time/time.c.obj
 *fill*         0x000000001000561e        0x2 
 .rodata.__func__.6389
                0x0000000010005620       0x19 CMakeFiles/pico-fso-bitbang.dir/home/toor/Downloads/pico/pico-sdk/src/common/pico_time/time.c.obj
 *fill*         0x0000000010005639        0x3 
 .rodata.hardware_alarm_claim.str1.4
                0x000000001000563c       0x22 CMakeFiles/pico-fso-bitbang.dir/home/toor/Downloads/pico/pico-sdk/src/rp2_common/hardware_timer/timer.c.obj
 .rodata.busy_wait_us.str1.4
                0x000000001000565e       0x69 CMakeFiles/pico-fso-bitbang.dir/home/toor/Downloads/pico/pico-sdk/src/rp2_common/hardware_timer/timer.c.obj
 *fill*         0x000000001000565e        0x2 
 .rodata.hardware_alarm_set_target.str1.4
                0x0000000010005660       0x6d CMakeFiles/pico-fso-bitbang.dir/home/toor/Downloads/pico/pico-sdk/src/rp2_common/hardware_timer/timer.c.obj
 *fill*         0x00000000100056cd        0x3 
 .rodata.__func__.4193
                0x00000000100056d0       0x15 CMakeFiles/pico-fso-bitbang.dir/home/toor/Downloads/pico/pico-sdk/src/rp2_common/hardware_timer/timer.c.obj
 *fill*         0x00000000100056e5        0x3 
 .rodata.__func__.4575
                0x00000000100056e8       0x1a CMakeFiles/pico-fso-bitbang.dir/home/toor/Downloads/pico/pico-sdk/src/rp2_common/hardware_timer/timer.c.obj
 .rodata.ph_add_child_node.str1.4
                0x0000000010005702       0x9e CMakeFiles/pico-fso-bitbang.dir/home/toor/Downloads/pico/pico-sdk/src/common/pico_util/pheap.c.obj
 *fill*         0x0000000010005702        0x2 
 .rodata.ph_remove_any_head.str1.4
                0x0000000010005704       0x94 CMakeFiles/pico-fso-bitbang.dir/home/toor/Downloads/pico/pico-sdk/src/common/pico_util/pheap.c.obj
 .rodata.ph_remove_and_free_node.str1.4
                0x0000000010005798       0x1e CMakeFiles/pico-fso-bitbang.dir/home/toor/Downloads/pico/pico-sdk/src/common/pico_util/pheap.c.obj
                                         0x26 (size before relaxing)
 *fill*         0x00000000100057b6        0x2 
 .rodata.__func__.5717
                0x00000000100057b8        0xc CMakeFiles/pico-fso-bitbang.dir/home/toor/Downloads/pico/pico-sdk/src/common/pico_util/pheap.c.obj
 .rodata.__func__.5724
                0x00000000100057c4       0x12 CMakeFiles/pico-fso-bitbang.dir/home/toor/Downloads/pico/pico-sdk/src/common/pico_util/pheap.c.obj
 *fill*         0x00000000100057d6        0x2 
 .rodata.__func__.5810
                0x00000000100057d8       0x13 CMakeFiles/pico-fso-bitbang.dir/home/toor/Downloads/pico/pico-sdk/src/common/pico_util/pheap.c.obj
 *fill*         0x00000000100057eb        0x1 
 .rodata.__func__.5828
                0x00000000100057ec       0x18 CMakeFiles/pico-fso-bitbang.dir/home/toor/Downloads/pico/pico-sdk/src/common/pico_util/pheap.c.obj
 .rodata.queue_add_internal.str1.4
                0x0000000010005804       0x5c CMakeFiles/pico-fso-bitbang.dir/home/toor/Downloads/pico/pico-sdk/src/common/pico_util/queue.c.obj
 .rodata.__func__.5445
                0x0000000010005860        0xc CMakeFiles/pico-fso-bitbang.dir/home/toor/Downloads/pico/pico-sdk/src/common/pico_util/queue.c.obj
 .rodata.str1.4
                0x000000001000586c       0x91 CMakeFiles/pico-fso-bitbang.dir/home/toor/Downloads/pico/pico-sdk/src/common/pico_sync/mutex.c.obj
                                         0xfd (size before relaxing)
 *fill*         0x00000000100058fd        0x3 
 .rodata.__func__.4709
                0x0000000010005900        0xb CMakeFiles/pico-fso-bitbang.dir/home/toor/Downloads/pico/pico-sdk/src/common/pico_sync/mutex.c.obj
 *fill*         0x000000001000590b        0x1 
 .rodata.__assert_func.str1.4
                0x000000001000590c       0x3f CMakeFiles/pico-fso-bitbang.dir/home/toor/Downloads/pico/pico-sdk/src/rp2_common/pico_runtime/runtime.c.obj
                                         0x43 (size before relaxing)
 *fill*         0x000000001000594b        0x1 
 .rodata.runtime_init.str1.4
                0x000000001000594c       0x69 CMakeFiles/pico-fso-bitbang.dir/home/toor/Downloads/pico/pico-sdk/src/rp2_common/pico_runtime/runtime.c.obj
 *fill*         0x00000000100059b5        0x3 
 .rodata.panic.str1.4
                0x00000000100059b8       0x12 CMakeFiles/pico-fso-bitbang.dir/home/toor/Downloads/pico/pico-sdk/src/rp2_common/pico_runtime/runtime.c.obj
 *fill*         0x00000000100059ca        0x2 
 .rodata.__func__.5835
                0x00000000100059cc        0xd CMakeFiles/pico-fso-bitbang.dir/home/toor/Downloads/pico/pico-sdk/src/rp2_common/pico_runtime/runtime.c.obj
 *fill*         0x00000000100059d9        0x3 
 .rodata.clock_configure.str1.4
                0x00000000100059dc       0x5f CMakeFiles/pico-fso-bitbang.dir/home/toor/Downloads/pico/pico-sdk/src/rp2_common/hardware_clocks/clocks.c.obj
 *fill*         0x0000000010005a3b        0x1 
 .rodata.__func__.4759
                0x0000000010005a3c       0x10 CMakeFiles/pico-fso-bitbang.dir/home/toor/Downloads/pico/pico-sdk/src/rp2_common/hardware_clocks/clocks.c.obj
 .rodata.pll_init.str1.4
                0x0000000010005a4c      0x143 CMakeFiles/pico-fso-bitbang.dir/home/toor/Downloads/pico/pico-sdk/src/rp2_common/hardware_pll/pll.c.obj
 *fill*         0x0000000010005b8f        0x1 
 .rodata.__func__.4416
                0x0000000010005b90        0x9 CMakeFiles/pico-fso-bitbang.dir/home/toor/Downloads/pico/pico-sdk/src/rp2_common/hardware_pll/pll.c.obj
 *fill*         0x0000000010005b99        0x3 
 .rodata._ftoa.str1.4
                0x0000000010005b9c       0x15 CMakeFiles/pico-fso-bitbang.dir/home/toor/Downloads/pico/pico-sdk/src/rp2_common/pico_printf/printf.c.obj
 *fill*         0x0000000010005bb1        0x3 
 .rodata._vsnprintf
                0x0000000010005bb4      0x1e0 CMakeFiles/pico-fso-bitbang.dir/home/toor/Downloads/pico/pico-sdk/src/rp2_common/pico_printf/printf.c.obj
 *fill*         0x0000000010005d94        0x4 
 .rodata.pow10.5431
                0x0000000010005d98       0x50 CMakeFiles/pico-fso-bitbang.dir/home/toor/Downloads/pico/pico-sdk/src/rp2_common/pico_printf/printf.c.obj
 .rodata.__aeabi_double_init.str1.4
                0x0000000010005de8       0xb0 CMakeFiles/pico-fso-bitbang.dir/home/toor/Downloads/pico/pico-sdk/src/rp2_common/pico_double/double_init_rom.c.obj
 .rodata.__func__.4728
                0x0000000010005e98       0x14 CMakeFiles/pico-fso-bitbang.dir/home/toor/Downloads/pico/pico-sdk/src/rp2_common/pico_double/double_init_rom.c.obj
 .rodata.__aeabi_float_init.str1.4
                0x0000000010005eac       0x82 CMakeFiles/pico-fso-bitbang.dir/home/toor/Downloads/pico/pico-sdk/src/rp2_common/pico_float/float_init_rom.c.obj
                                         0x86 (size before relaxing)
 *fill*         0x0000000010005f2e        0x2 
 .rodata.__func__.4729
                0x0000000010005f30       0x13 CMakeFiles/pico-fso-bitbang.dir/home/toor/Downloads/pico/pico-sdk/src/rp2_common/pico_float/float_init_rom.c.obj
 *fill*         0x0000000010005f43        0x1 
 .rodata.__wrap_malloc.str1.4
                0x0000000010005f44        0xe CMakeFiles/pico-fso-bitbang.dir/home/toor/Downloads/pico/pico-sdk/src/rp2_common/pico_malloc/pico_malloc.c.obj
 *fill*         0x0000000010005f52        0x2 
 .rodata.str1.4
                0x0000000010005f54       0x48 CMakeFiles/pico-fso-bitbang.dir/home/toor/Downloads/pico/pico-sdk/src/rp2_common/pico_standard_link/binary_info.c.obj
 .rodata.__bi_44
                0x0000000010005f9c        0xc CMakeFiles/pico-fso-bitbang.dir/home/toor/Downloads/pico/pico-sdk/src/rp2_common/pico_standard_link/binary_info.c.obj
 .rodata.__bi_75
                0x0000000010005fa8        0xc CMakeFiles/pico-fso-bitbang.dir/home/toor/Downloads/pico/pico-sdk/src/rp2_common/pico_standard_link/binary_info.c.obj
 .rodata.__bi_81
                0x0000000010005fb4        0xc CMakeFiles/pico-fso-bitbang.dir/home/toor/Downloads/pico/pico-sdk/src/rp2_common/pico_standard_link/binary_info.c.obj
 .rodata.__wrap_getchar.str1.4
                0x0000000010005fc0       0x51 CMakeFiles/pico-fso-bitbang.dir/home/toor/Downloads/pico/pico-sdk/src/rp2_common/pico_stdio/stdio.c.obj
 *fill*         0x0000000010006011        0x3 
 .rodata.getchar_timeout_us.str1.4
                0x0000000010006014        0x3 CMakeFiles/pico-fso-bitbang.dir/home/toor/Downloads/pico/pico-sdk/src/rp2_common/pico_stdio/stdio.c.obj
                                         0x6f (size before relaxing)
 *fill*         0x0000000010006017        0x1 
 .rodata.__func__.5424
                0x0000000010006018       0x15 CMakeFiles/pico-fso-bitbang.dir/home/toor/Downloads/pico/pico-sdk/src/rp2_common/pico_stdio/stdio.c.obj
 *fill*         0x000000001000602d        0x3 
 .rodata.__func__.6178
                0x0000000010006030       0x13 CMakeFiles/pico-fso-bitbang.dir/home/toor/Downloads/pico/pico-sdk/src/rp2_common/pico_stdio/stdio.c.obj
 *fill*         0x0000000010006043        0x1 
 .rodata.crlf_str.6060
                0x0000000010006044        0x2 CMakeFiles/pico-fso-bitbang.dir/home/toor/Downloads/pico/pico-sdk/src/rp2_common/pico_stdio/stdio.c.obj
 *fill*         0x0000000010006046        0x2 
 .rodata.str1.4
                0x0000000010006048       0x2c CMakeFiles/pico-fso-bitbang.dir/home/toor/Downloads/pico/pico-sdk/src/rp2_common/pico_stdio_uart/stdio_uart.c.obj
 .rodata.__bi_28.4863
                0x0000000010006074        0xc CMakeFiles/pico-fso-bitbang.dir/home/toor/Downloads/pico/pico-sdk/src/rp2_common/pico_stdio_uart/stdio_uart.c.obj
 .rodata.__bi_29.4867
                0x0000000010006080        0x8 CMakeFiles/pico-fso-bitbang.dir/home/toor/Downloads/pico/pico-sdk/src/rp2_common/pico_stdio_uart/stdio_uart.c.obj
 .rodata        0x0000000010006088      0x101 /usr/lib/gcc/arm-none-eabi/9.2.1/../../../arm-none-eabi/lib/thumb/v6-m/nofp/libg.a(lib_a-ctype_.o)
                0x0000000010006088                _ctype_
                0x000000001000618c                . = ALIGN (0x4)
 *fill*         0x0000000010006189        0x3 
 *(SORT_BY_ALIGNMENT(SORT_BY_NAME(.flashdata*)))
                0x000000001000618c                . = ALIGN (0x4)

.rel.dyn        0x000000001000618c        0x0
 .rel.iplt      0x000000001000618c        0x0 /usr/lib/gcc/arm-none-eabi/9.2.1/thumb/v6-m/nofp/crtbegin.o

.ARM.extab
 *(.ARM.extab* .gnu.linkonce.armextab.*)
                0x000000001000618c                __exidx_start = .

.ARM.exidx
 *(.ARM.exidx* .gnu.linkonce.armexidx.*)
                0x000000001000618c                __exidx_end = .
                0x000000001000618c                . = ALIGN (0x4)
                0x000000001000618c                __binary_info_start = .

.binary_info    0x000000001000618c       0x24
 *(.binary_info.keep.*)
 .binary_info.keep.__bi_ptr22
                0x000000001000618c        0x4 CMakeFiles/pico-fso-bitbang.dir/home/toor/Downloads/pico/pico-sdk/src/rp2_common/pico_standard_link/binary_info.c.obj
 .binary_info.keep.__bi_ptr30
                0x0000000010006190        0x4 CMakeFiles/pico-fso-bitbang.dir/home/toor/Downloads/pico/pico-sdk/src/rp2_common/pico_standard_link/binary_info.c.obj
 .binary_info.keep.__bi_ptr38
                0x0000000010006194        0x4 CMakeFiles/pico-fso-bitbang.dir/home/toor/Downloads/pico/pico-sdk/src/rp2_common/pico_standard_link/binary_info.c.obj
 .binary_info.keep.__bi_ptr44
                0x0000000010006198        0x4 CMakeFiles/pico-fso-bitbang.dir/home/toor/Downloads/pico/pico-sdk/src/rp2_common/pico_standard_link/binary_info.c.obj
 .binary_info.keep.__bi_ptr50
                0x000000001000619c        0x4 CMakeFiles/pico-fso-bitbang.dir/home/toor/Downloads/pico/pico-sdk/src/rp2_common/pico_standard_link/binary_info.c.obj
 .binary_info.keep.__bi_ptr75
                0x00000000100061a0        0x4 CMakeFiles/pico-fso-bitbang.dir/home/toor/Downloads/pico/pico-sdk/src/rp2_common/pico_standard_link/binary_info.c.obj
 .binary_info.keep.__bi_ptr81
                0x00000000100061a4        0x4 CMakeFiles/pico-fso-bitbang.dir/home/toor/Downloads/pico/pico-sdk/src/rp2_common/pico_standard_link/binary_info.c.obj
 *(.binary_info.*)
 .binary_info.__bi_ptr28
                0x00000000100061a8        0x4 CMakeFiles/pico-fso-bitbang.dir/home/toor/Downloads/pico/pico-sdk/src/rp2_common/pico_stdio_uart/stdio_uart.c.obj
 .binary_info.__bi_ptr29
                0x00000000100061ac        0x4 CMakeFiles/pico-fso-bitbang.dir/home/toor/Downloads/pico/pico-sdk/src/rp2_common/pico_stdio_uart/stdio_uart.c.obj
                0x00000000100061b0                __binary_info_end = .
                0x00000000100061b0                . = ALIGN (0x4)
                0x00000000100061b0                __etext = .

.ram_vector_table
                0x0000000020000000       0xc0
 *(.ram_vector_table)
 .ram_vector_table
                0x0000000020000000       0xc0 CMakeFiles/pico-fso-bitbang.dir/home/toor/Downloads/pico/pico-sdk/src/rp2_common/pico_runtime/runtime.c.obj
                0x0000000020000000                ram_vector_table

.data           0x00000000200000c0      0xa04 load address 0x00000000100061b0
                0x00000000200000c0                __data_start__ = .
 *(vtable)
 *(.time_critical*)
 .time_critical.mutex_enter_blocking
                0x00000000200000c0       0x48 CMakeFiles/pico-fso-bitbang.dir/home/toor/Downloads/pico/pico-sdk/src/common/pico_sync/mutex.c.obj
                0x00000000200000c0                mutex_enter_blocking
 .time_critical.mutex_try_enter
                0x0000000020000108       0x48 CMakeFiles/pico-fso-bitbang.dir/home/toor/Downloads/pico/pico-sdk/src/common/pico_sync/mutex.c.obj
                0x0000000020000108                mutex_try_enter
 .time_critical.mutex_exit
                0x0000000020000150       0x4c CMakeFiles/pico-fso-bitbang.dir/home/toor/Downloads/pico/pico-sdk/src/common/pico_sync/mutex.c.obj
                0x0000000020000150                mutex_exit
 *(.text*)
 .text          0x000000002000019c        0x4 /usr/lib/gcc/arm-none-eabi/9.2.1/thumb/v6-m/nofp/libgcc.a(_dvmd_tls.o)
                0x000000002000019c                __aeabi_ldiv0
                0x000000002000019c                __aeabi_idiv0
 .text.__stub   0x00000000200001a0       0x10 linker stubs
                0x00000000200001b0                . = ALIGN (0x4)
 *(.rodata*)
                0x00000000200001b0                . = ALIGN (0x4)
 *(.data*)
 .data.striped_spin_lock_num
                0x00000000200001b0        0x1 CMakeFiles/pico-fso-bitbang.dir/home/toor/Downloads/pico/pico-sdk/src/rp2_common/hardware_sync/sync.c.obj
 *fill*         0x00000000200001b1        0x3 
 .data          0x00000000200001b4       0x48 CMakeFiles/pico-fso-bitbang.dir/home/toor/Downloads/pico/pico-sdk/src/rp2_common/hardware_irq/irq_handler_chain.S.obj
                0x00000000200001b4                irq_handler_chain_slots
                0x00000000200001e4                irq_handler_chain_first_slot
                0x00000000200001ee                irq_handler_chain_remove_tail
 .data.default_alarm_pool
                0x00000000200001fc       0x18 CMakeFiles/pico-fso-bitbang.dir/home/toor/Downloads/pico/pico-sdk/src/common/pico_time/time.c.obj
 .data.default_alarm_pool_heap
                0x0000000020000214       0x10 CMakeFiles/pico-fso-bitbang.dir/home/toor/Downloads/pico/pico-sdk/src/common/pico_time/time.c.obj
 *fill*         0x0000000020000224        0xc 
 .data.aeabi_bits_funcs
                0x0000000020000230       0x10 CMakeFiles/pico-fso-bitbang.dir/home/toor/Downloads/pico/pico-sdk/src/rp2_common/pico_bit_ops/bit_ops_aeabi.S.obj
                0x0000000020000230                aeabi_bits_funcs
                0x0000000020000240                aeabi_bits_funcs_end
 .data.aeabi_mem_funcs
                0x0000000020000240       0x10 CMakeFiles/pico-fso-bitbang.dir/home/toor/Downloads/pico/pico-sdk/src/rp2_common/pico_mem_ops/mem_ops_aeabi.S.obj
                0x0000000020000240                aeabi_mem_funcs
                0x0000000020000250                aeabi_mem_funcs_end
 .data.stdio_uart
                0x0000000020000250       0x14 CMakeFiles/pico-fso-bitbang.dir/home/toor/Downloads/pico/pico-sdk/src/rp2_common/pico_stdio_uart/stdio_uart.c.obj
                0x0000000020000250                stdio_uart
 *fill*         0x0000000020000264        0x4 
 .data          0x0000000020000268      0x430 /usr/lib/gcc/arm-none-eabi/9.2.1/../../../arm-none-eabi/lib/thumb/v6-m/nofp/libg.a(lib_a-impure.o)
                0x0000000020000268                _impure_ptr
 .data          0x0000000020000698      0x410 /usr/lib/gcc/arm-none-eabi/9.2.1/../../../arm-none-eabi/lib/thumb/v6-m/nofp/libg.a(lib_a-mallocr.o)
                0x0000000020000698                __malloc_sbrk_base
                0x000000002000069c                __malloc_trim_threshold
                0x00000000200006a0                __malloc_av_
                0x0000000020000aa8                . = ALIGN (0x4)
 *(.after_data.*)
                0x0000000020000aa8                . = ALIGN (0x4)
                0x0000000020000aa8                PROVIDE (__mutex_array_start = .)
 *(SORT_BY_NAME(.mutex_array.*))
 *(.mutex_array)
 .mutex_array   0x0000000020000aa8        0x8 CMakeFiles/pico-fso-bitbang.dir/home/toor/Downloads/pico/pico-sdk/src/rp2_common/pico_stdio/stdio.c.obj
                0x0000000020000ab0                PROVIDE (__mutex_array_end = .)
                0x0000000020000ab0                . = ALIGN (0x4)
                0x0000000020000ab0                PROVIDE (__preinit_array_start = .)
 *(SORT_BY_NAME(.preinit_array.*))
 .preinit_array.00001
                0x0000000020000ab0        0x4 CMakeFiles/pico-fso-bitbang.dir/home/toor/Downloads/pico/pico-sdk/src/rp2_common/pico_mem_ops/mem_ops_aeabi.S.obj
 .preinit_array.00010
                0x0000000020000ab4        0x4 CMakeFiles/pico-fso-bitbang.dir/home/toor/Downloads/pico/pico-sdk/src/rp2_common/pico_bit_ops/bit_ops_aeabi.S.obj
 .preinit_array.00020
                0x0000000020000ab8        0x4 CMakeFiles/pico-fso-bitbang.dir/home/toor/Downloads/pico/pico-sdk/src/rp2_common/pico_double/double_aeabi.S.obj
 .preinit_array.00020
                0x0000000020000abc        0x4 CMakeFiles/pico-fso-bitbang.dir/home/toor/Downloads/pico/pico-sdk/src/rp2_common/pico_float/float_aeabi.S.obj
 *(.preinit_array)
                0x0000000020000ac0                PROVIDE (__preinit_array_end = .)
                0x0000000020000ac0                . = ALIGN (0x4)
                0x0000000020000ac0                PROVIDE (__init_array_start = .)
 *(SORT_BY_NAME(.init_array.*))
 *(.init_array)
 .init_array    0x0000000020000ac0        0x4 /usr/lib/gcc/arm-none-eabi/9.2.1/thumb/v6-m/nofp/crtbegin.o
                0x0000000020000ac4                PROVIDE (__init_array_end = .)
                0x0000000020000ac4                . = ALIGN (0x4)
                0x0000000020000ac4                PROVIDE (__fini_array_start = .)
 *(SORT_BY_NAME(.fini_array.*))
 *(.fini_array)
                0x0000000020000ac4                PROVIDE (__fini_array_end = .)
 *(.jcr)
                0x0000000020000ac4                . = ALIGN (0x4)
                0x0000000020000ac4                __data_end__ = .

.tm_clone_table
                0x0000000020000ac4        0x0 load address 0x0000000010006bb4
 .tm_clone_table
                0x0000000020000ac4        0x0 /usr/lib/gcc/arm-none-eabi/9.2.1/thumb/v6-m/nofp/crtbegin.o
 .tm_clone_table
                0x0000000020000ac4        0x0 /usr/lib/gcc/arm-none-eabi/9.2.1/thumb/v6-m/nofp/crtend.o

.igot.plt       0x0000000020000ac4        0x0 load address 0x0000000010006bb4
 .igot.plt      0x0000000020000ac4        0x0 /usr/lib/gcc/arm-none-eabi/9.2.1/thumb/v6-m/nofp/crtbegin.o

.uninitialized_data
                0x0000000020000ac4        0x0 load address 0x0000000010006bb4
                0x0000000020000ac4                . = ALIGN (0x4)
 *(.uninitialized_data*)

.scratch_x      0x0000000020040000        0x0 load address 0x0000000010006bb4
                0x0000000020040000                __scratch_x_start__ = .
 *(.scratch_x.*)
                0x0000000020040000                . = ALIGN (0x4)
                0x0000000020040000                __scratch_x_end__ = .
                0x0000000010006bb4                __scratch_x_source__ = LOADADDR (.scratch_x)

.scratch_y      0x0000000020041000        0x0 load address 0x0000000010006bb4
                0x0000000020041000                __scratch_y_start__ = .
 *(.scratch_y.*)
                0x0000000020041000                . = ALIGN (0x4)
                0x0000000020041000                __scratch_y_end__ = .
                0x0000000010006bb4                __scratch_y_source__ = LOADADDR (.scratch_y)

.bss            0x0000000020000ac8      0x434
                0x0000000020000ac8                . = ALIGN (0x4)
                0x0000000020000ac8                __bss_start__ = .
 *(SORT_BY_ALIGNMENT(SORT_BY_NAME(.bss*)))
 .bss.default_alarm_pool_entries
                0x0000000020000ac8      0x100 CMakeFiles/pico-fso-bitbang.dir/home/toor/Downloads/pico/pico-sdk/src/common/pico_time/time.c.obj
 .bss           0x0000000020000bc8       0x1c /usr/lib/gcc/arm-none-eabi/9.2.1/thumb/v6-m/nofp/crtbegin.o
 .bss           0x0000000020000be4       0x34 /usr/lib/gcc/arm-none-eabi/9.2.1/../../../arm-none-eabi/lib/thumb/v6-m/nofp/libg.a(lib_a-mallocr.o)
                0x0000000020000be4                __malloc_top_pad
                0x0000000020000be8                __malloc_current_mallinfo
                0x0000000020000c10                __malloc_max_sbrked_mem
                0x0000000020000c14                __malloc_max_total_mem
 .bss.alarm_callbacks
                0x0000000020000c18       0x10 CMakeFiles/pico-fso-bitbang.dir/home/toor/Downloads/pico/pico-sdk/src/rp2_common/hardware_timer/timer.c.obj
 .bss.configured_freq
                0x0000000020000c28       0x28 CMakeFiles/pico-fso-bitbang.dir/home/toor/Downloads/pico/pico-sdk/src/rp2_common/hardware_clocks/clocks.c.obj
 .bss.default_alarm_pool_entry_ids_high
                0x0000000020000c50       0x10 CMakeFiles/pico-fso-bitbang.dir/home/toor/Downloads/pico/pico-sdk/src/common/pico_time/time.c.obj
 .bss.default_alarm_pool_heap_nodes
                0x0000000020000c60       0x30 CMakeFiles/pico-fso-bitbang.dir/home/toor/Downloads/pico/pico-sdk/src/common/pico_time/time.c.obj
 .bss.drivers   0x0000000020000c90        0x4 CMakeFiles/pico-fso-bitbang.dir/home/toor/Downloads/pico/pico-sdk/src/rp2_common/pico_stdio/stdio.c.obj
 .bss.filter    0x0000000020000c94        0x4 CMakeFiles/pico-fso-bitbang.dir/home/toor/Downloads/pico/pico-sdk/src/rp2_common/pico_stdio/stdio.c.obj
 .bss.frame_bitstream.7016
                0x0000000020000c98       0x14 CMakeFiles/pico-fso-bitbang.dir/main.c.obj
 .bss.heap_end.5864
                0x0000000020000cac        0x4 CMakeFiles/pico-fso-bitbang.dir/home/toor/Downloads/pico/pico-sdk/src/rp2_common/pico_runtime/runtime.c.obj
 .bss.i.7014    0x0000000020000cb0        0x4 CMakeFiles/pico-fso-bitbang.dir/main.c.obj
 .bss.pools     0x0000000020000cb4       0x10 CMakeFiles/pico-fso-bitbang.dir/home/toor/Downloads/pico/pico-sdk/src/common/pico_time/time.c.obj
 .bss.sf_clz_func
                0x0000000020000cc4        0x4 CMakeFiles/pico-fso-bitbang.dir/home/toor/Downloads/pico/pico-sdk/src/rp2_common/pico_double/double_init_rom.c.obj
                0x0000000020000cc4                sf_clz_func
 .bss.sleep_notifier
                0x0000000020000cc8        0x4 CMakeFiles/pico-fso-bitbang.dir/home/toor/Downloads/pico/pico-sdk/src/common/pico_time/time.c.obj
 .bss.target_hi
                0x0000000020000ccc       0x10 CMakeFiles/pico-fso-bitbang.dir/home/toor/Downloads/pico/pico-sdk/src/rp2_common/hardware_timer/timer.c.obj
 .bss.uart_instance
                0x0000000020000cdc        0x4 CMakeFiles/pico-fso-bitbang.dir/home/toor/Downloads/pico/pico-sdk/src/rp2_common/pico_stdio_uart/stdio_uart.c.obj
 .bss.claimed   0x0000000020000ce0        0x1 CMakeFiles/pico-fso-bitbang.dir/home/toor/Downloads/pico/pico-sdk/src/rp2_common/hardware_timer/timer.c.obj
 .bss.element.7015
                0x0000000020000ce1        0x1 CMakeFiles/pico-fso-bitbang.dir/main.c.obj
 .bss.irq_hander_chain_free_slot_head
                0x0000000020000ce2        0x1 CMakeFiles/pico-fso-bitbang.dir/home/toor/Downloads/pico/pico-sdk/src/rp2_common/hardware_irq/irq.c.obj
 .bss.timer_callbacks_pending
                0x0000000020000ce3        0x1 CMakeFiles/pico-fso-bitbang.dir/home/toor/Downloads/pico/pico-sdk/src/rp2_common/hardware_timer/timer.c.obj
 *(COMMON)
 COMMON         0x0000000020000ce4       0x10 CMakeFiles/pico-fso-bitbang.dir/main.c.obj
                0x0000000020000ce4                sample_fifo
 COMMON         0x0000000020000cf4        0x4 CMakeFiles/pico-fso-bitbang.dir/home/toor/Downloads/pico/pico-sdk/src/rp2_common/hardware_uart/uart.c.obj
                0x0000000020000cf4                uart_char_to_line_feed
 COMMON         0x0000000020000cf8      0x100 CMakeFiles/pico-fso-bitbang.dir/home/toor/Downloads/pico/pico-sdk/src/rp2_common/pico_double/double_init_rom.c.obj
                0x0000000020000cf8                sd_table
 COMMON         0x0000000020000df8      0x100 CMakeFiles/pico-fso-bitbang.dir/home/toor/Downloads/pico/pico-sdk/src/rp2_common/pico_float/float_init_rom.c.obj
                0x0000000020000df8                sf_table
 COMMON         0x0000000020000ef8        0x4 /usr/lib/gcc/arm-none-eabi/9.2.1/../../../arm-none-eabi/lib/thumb/v6-m/nofp/libg.a(lib_a-reent.o)
                0x0000000020000ef8                errno
                0x0000000020000efc                . = ALIGN (0x4)
                0x0000000020000efc                __bss_end__ = .

.heap           0x0000000020000efc      0x800
                0x0000000020000efc                __end__ = .
                0x0000000020000efc                end = __end__
 *(.heap*)
 .heap          0x0000000020000efc      0x800 CMakeFiles/pico-fso-bitbang.dir/home/toor/Downloads/pico/pico-sdk/src/rp2_common/pico_standard_link/crt0.S.obj
                0x00000000200016fc                __HeapLimit = .

.stack1_dummy   0x0000000020040000        0x0
 *(.stack1*)

.stack_dummy    0x0000000020041000      0x800
 *(.stack*)
 .stack         0x0000000020041000      0x800 CMakeFiles/pico-fso-bitbang.dir/home/toor/Downloads/pico/pico-sdk/src/rp2_common/pico_standard_link/crt0.S.obj

.flash_end      0x0000000010006bb4        0x0
                0x0000000010006bb4                __flash_binary_end = .
                0x0000000020040000                __StackLimit = (ORIGIN (RAM) + LENGTH (RAM))
                0x0000000020041000                __StackOneTop = (ORIGIN (SCRATCH_X) + LENGTH (SCRATCH_X))
                0x0000000020042000                __StackTop = (ORIGIN (SCRATCH_Y) + LENGTH (SCRATCH_Y))
                0x0000000020041000                __StackOneBottom = (__StackOneTop - SIZEOF (.stack1_dummy))
                0x0000000020041800                __StackBottom = (__StackTop - SIZEOF (.stack_dummy))
                0x0000000020042000                PROVIDE (__stack = __StackTop)
                0x0000000000000001                ASSERT ((__StackLimit >= __HeapLimit), region RAM overflowed)
                0x0000000000000001                ASSERT (((__binary_info_header_end - __logical_binary_start) <= 0x100), Binary info must be in first 256 bytes of the binary)
LOAD CMakeFiles/pico-fso-bitbang.dir/main.c.obj
LOAD CMakeFiles/pico-fso-bitbang.dir/home/toor/Downloads/pico/pico-sdk/src/rp2_common/pico_stdlib/stdlib.c.obj
LOAD CMakeFiles/pico-fso-bitbang.dir/home/toor/Downloads/pico/pico-sdk/src/rp2_common/hardware_gpio/gpio.c.obj
LOAD CMakeFiles/pico-fso-bitbang.dir/home/toor/Downloads/pico/pico-sdk/src/rp2_common/hardware_claim/claim.c.obj
LOAD CMakeFiles/pico-fso-bitbang.dir/home/toor/Downloads/pico/pico-sdk/src/rp2_common/pico_platform/platform.c.obj
LOAD CMakeFiles/pico-fso-bitbang.dir/home/toor/Downloads/pico/pico-sdk/src/rp2_common/hardware_sync/sync.c.obj
LOAD CMakeFiles/pico-fso-bitbang.dir/home/toor/Downloads/pico/pico-sdk/src/rp2_common/hardware_irq/irq.c.obj
LOAD CMakeFiles/pico-fso-bitbang.dir/home/toor/Downloads/pico/pico-sdk/src/rp2_common/hardware_irq/irq_handler_chain.S.obj
LOAD CMakeFiles/pico-fso-bitbang.dir/home/toor/Downloads/pico/pico-sdk/src/common/pico_sync/sem.c.obj
LOAD CMakeFiles/pico-fso-bitbang.dir/home/toor/Downloads/pico/pico-sdk/src/common/pico_sync/lock_core.c.obj
LOAD CMakeFiles/pico-fso-bitbang.dir/home/toor/Downloads/pico/pico-sdk/src/common/pico_time/time.c.obj
LOAD CMakeFiles/pico-fso-bitbang.dir/home/toor/Downloads/pico/pico-sdk/src/common/pico_time/timeout_helper.c.obj
LOAD CMakeFiles/pico-fso-bitbang.dir/home/toor/Downloads/pico/pico-sdk/src/rp2_common/hardware_timer/timer.c.obj
LOAD CMakeFiles/pico-fso-bitbang.dir/home/toor/Downloads/pico/pico-sdk/src/common/pico_util/datetime.c.obj
LOAD CMakeFiles/pico-fso-bitbang.dir/home/toor/Downloads/pico/pico-sdk/src/common/pico_util/pheap.c.obj
LOAD CMakeFiles/pico-fso-bitbang.dir/home/toor/Downloads/pico/pico-sdk/src/common/pico_util/queue.c.obj
LOAD CMakeFiles/pico-fso-bitbang.dir/home/toor/Downloads/pico/pico-sdk/src/common/pico_sync/mutex.c.obj
LOAD CMakeFiles/pico-fso-bitbang.dir/home/toor/Downloads/pico/pico-sdk/src/common/pico_sync/critical_section.c.obj
LOAD CMakeFiles/pico-fso-bitbang.dir/home/toor/Downloads/pico/pico-sdk/src/rp2_common/hardware_uart/uart.c.obj
LOAD CMakeFiles/pico-fso-bitbang.dir/home/toor/Downloads/pico/pico-sdk/src/rp2_common/hardware_divider/divider.S.obj
LOAD CMakeFiles/pico-fso-bitbang.dir/home/toor/Downloads/pico/pico-sdk/src/rp2_common/pico_runtime/runtime.c.obj
LOAD CMakeFiles/pico-fso-bitbang.dir/home/toor/Downloads/pico/pico-sdk/src/rp2_common/hardware_clocks/clocks.c.obj
LOAD CMakeFiles/pico-fso-bitbang.dir/home/toor/Downloads/pico/pico-sdk/src/rp2_common/hardware_pll/pll.c.obj
LOAD CMakeFiles/pico-fso-bitbang.dir/home/toor/Downloads/pico/pico-sdk/src/rp2_common/hardware_vreg/vreg.c.obj
LOAD CMakeFiles/pico-fso-bitbang.dir/home/toor/Downloads/pico/pico-sdk/src/rp2_common/hardware_watchdog/watchdog.c.obj
LOAD CMakeFiles/pico-fso-bitbang.dir/home/toor/Downloads/pico/pico-sdk/src/rp2_common/hardware_xosc/xosc.c.obj
LOAD CMakeFiles/pico-fso-bitbang.dir/home/toor/Downloads/pico/pico-sdk/src/rp2_common/pico_printf/printf.c.obj
LOAD CMakeFiles/pico-fso-bitbang.dir/home/toor/Downloads/pico/pico-sdk/src/rp2_common/pico_bit_ops/bit_ops_aeabi.S.obj
LOAD CMakeFiles/pico-fso-bitbang.dir/home/toor/Downloads/pico/pico-sdk/src/rp2_common/pico_bootrom/bootrom.c.obj
LOAD CMakeFiles/pico-fso-bitbang.dir/home/toor/Downloads/pico/pico-sdk/src/rp2_common/pico_divider/divider.S.obj
LOAD CMakeFiles/pico-fso-bitbang.dir/home/toor/Downloads/pico/pico-sdk/src/rp2_common/pico_double/double_aeabi.S.obj
LOAD CMakeFiles/pico-fso-bitbang.dir/home/toor/Downloads/pico/pico-sdk/src/rp2_common/pico_double/double_init_rom.c.obj
LOAD CMakeFiles/pico-fso-bitbang.dir/home/toor/Downloads/pico/pico-sdk/src/rp2_common/pico_double/double_math.c.obj
LOAD CMakeFiles/pico-fso-bitbang.dir/home/toor/Downloads/pico/pico-sdk/src/rp2_common/pico_double/double_v1_rom_shim.S.obj
LOAD CMakeFiles/pico-fso-bitbang.dir/home/toor/Downloads/pico/pico-sdk/src/rp2_common/pico_int64_ops/pico_int64_ops_aeabi.S.obj
LOAD CMakeFiles/pico-fso-bitbang.dir/home/toor/Downloads/pico/pico-sdk/src/rp2_common/pico_float/float_aeabi.S.obj
LOAD CMakeFiles/pico-fso-bitbang.dir/home/toor/Downloads/pico/pico-sdk/src/rp2_common/pico_float/float_init_rom.c.obj
LOAD CMakeFiles/pico-fso-bitbang.dir/home/toor/Downloads/pico/pico-sdk/src/rp2_common/pico_float/float_math.c.obj
LOAD CMakeFiles/pico-fso-bitbang.dir/home/toor/Downloads/pico/pico-sdk/src/rp2_common/pico_float/float_v1_rom_shim.S.obj
LOAD CMakeFiles/pico-fso-bitbang.dir/home/toor/Downloads/pico/pico-sdk/src/rp2_common/pico_malloc/pico_malloc.c.obj
LOAD CMakeFiles/pico-fso-bitbang.dir/home/toor/Downloads/pico/pico-sdk/src/rp2_common/pico_mem_ops/mem_ops_aeabi.S.obj
LOAD CMakeFiles/pico-fso-bitbang.dir/home/toor/Downloads/pico/pico-sdk/src/rp2_common/pico_standard_link/crt0.S.obj
LOAD CMakeFiles/pico-fso-bitbang.dir/home/toor/Downloads/pico/pico-sdk/src/rp2_common/pico_standard_link/new_delete.cpp.obj
LOAD CMakeFiles/pico-fso-bitbang.dir/home/toor/Downloads/pico/pico-sdk/src/rp2_common/pico_standard_link/binary_info.c.obj
LOAD CMakeFiles/pico-fso-bitbang.dir/home/toor/Downloads/pico/pico-sdk/src/rp2_common/pico_stdio/stdio.c.obj
LOAD CMakeFiles/pico-fso-bitbang.dir/home/toor/Downloads/pico/pico-sdk/src/rp2_common/pico_stdio_uart/stdio_uart.c.obj
LOAD /tmp/ccyuF65B.o
LOAD /usr/lib/gcc/arm-none-eabi/9.2.1/../../../arm-none-eabi/lib/thumb/v6-m/nofp/libstdc++.a
LOAD /usr/lib/gcc/arm-none-eabi/9.2.1/../../../arm-none-eabi/lib/thumb/v6-m/nofp/libm.a
START GROUP
LOAD /usr/lib/gcc/arm-none-eabi/9.2.1/thumb/v6-m/nofp/libgcc.a
LOAD /usr/lib/gcc/arm-none-eabi/9.2.1/../../../arm-none-eabi/lib/thumb/v6-m/nofp/libg.a
LOAD /usr/lib/gcc/arm-none-eabi/9.2.1/../../../arm-none-eabi/lib/thumb/v6-m/nofp/libc.a
END GROUP
START GROUP
LOAD /usr/lib/gcc/arm-none-eabi/9.2.1/thumb/v6-m/nofp/libgcc.a
LOAD /usr/lib/gcc/arm-none-eabi/9.2.1/../../../arm-none-eabi/lib/thumb/v6-m/nofp/libc.a
LOAD /usr/lib/gcc/arm-none-eabi/9.2.1/../../../arm-none-eabi/lib/thumb/v6-m/nofp/libnosys.a
END GROUP
LOAD /usr/lib/gcc/arm-none-eabi/9.2.1/thumb/v6-m/nofp/crtend.o
LOAD /usr/lib/gcc/arm-none-eabi/9.2.1/thumb/v6-m/nofp/crtn.o
OUTPUT(pico-fso-bitbang.elf elf32-littlearm)
LOAD linker stubs

.ARM.attributes
                0x0000000000000000       0x28
 .ARM.attributes
                0x0000000000000000       0x1e /usr/lib/gcc/arm-none-eabi/9.2.1/thumb/v6-m/nofp/crti.o
 .ARM.attributes
                0x000000000000001e       0x2c /usr/lib/gcc/arm-none-eabi/9.2.1/thumb/v6-m/nofp/crtbegin.o
 .ARM.attributes
                0x000000000000004a       0x2c CMakeFiles/pico-fso-bitbang.dir/main.c.obj
 .ARM.attributes
                0x0000000000000076       0x2c CMakeFiles/pico-fso-bitbang.dir/home/toor/Downloads/pico/pico-sdk/src/rp2_common/hardware_gpio/gpio.c.obj
 .ARM.attributes
                0x00000000000000a2       0x2c CMakeFiles/pico-fso-bitbang.dir/home/toor/Downloads/pico/pico-sdk/src/rp2_common/hardware_claim/claim.c.obj
 .ARM.attributes
                0x00000000000000ce       0x2c CMakeFiles/pico-fso-bitbang.dir/home/toor/Downloads/pico/pico-sdk/src/rp2_common/pico_platform/platform.c.obj
 .ARM.attributes
                0x00000000000000fa       0x2c CMakeFiles/pico-fso-bitbang.dir/home/toor/Downloads/pico/pico-sdk/src/rp2_common/hardware_sync/sync.c.obj
 .ARM.attributes
                0x0000000000000126       0x2c CMakeFiles/pico-fso-bitbang.dir/home/toor/Downloads/pico/pico-sdk/src/rp2_common/hardware_irq/irq.c.obj
 .ARM.attributes
                0x0000000000000152       0x22 CMakeFiles/pico-fso-bitbang.dir/home/toor/Downloads/pico/pico-sdk/src/rp2_common/hardware_irq/irq_handler_chain.S.obj
 .ARM.attributes
                0x0000000000000174       0x2c CMakeFiles/pico-fso-bitbang.dir/home/toor/Downloads/pico/pico-sdk/src/common/pico_sync/lock_core.c.obj
 .ARM.attributes
                0x00000000000001a0       0x2c CMakeFiles/pico-fso-bitbang.dir/home/toor/Downloads/pico/pico-sdk/src/common/pico_time/time.c.obj
 .ARM.attributes
                0x00000000000001cc       0x2c CMakeFiles/pico-fso-bitbang.dir/home/toor/Downloads/pico/pico-sdk/src/rp2_common/hardware_timer/timer.c.obj
 .ARM.attributes
                0x00000000000001f8       0x2c CMakeFiles/pico-fso-bitbang.dir/home/toor/Downloads/pico/pico-sdk/src/common/pico_util/pheap.c.obj
 .ARM.attributes
                0x0000000000000224       0x2c CMakeFiles/pico-fso-bitbang.dir/home/toor/Downloads/pico/pico-sdk/src/common/pico_util/queue.c.obj
 .ARM.attributes
                0x0000000000000250       0x2c CMakeFiles/pico-fso-bitbang.dir/home/toor/Downloads/pico/pico-sdk/src/common/pico_sync/mutex.c.obj
 .ARM.attributes
                0x000000000000027c       0x2c CMakeFiles/pico-fso-bitbang.dir/home/toor/Downloads/pico/pico-sdk/src/rp2_common/hardware_uart/uart.c.obj
 .ARM.attributes
                0x00000000000002a8       0x2c CMakeFiles/pico-fso-bitbang.dir/home/toor/Downloads/pico/pico-sdk/src/rp2_common/pico_runtime/runtime.c.obj
 .ARM.attributes
                0x00000000000002d4       0x2c CMakeFiles/pico-fso-bitbang.dir/home/toor/Downloads/pico/pico-sdk/src/rp2_common/hardware_clocks/clocks.c.obj
 .ARM.attributes
                0x0000000000000300       0x2c CMakeFiles/pico-fso-bitbang.dir/home/toor/Downloads/pico/pico-sdk/src/rp2_common/hardware_pll/pll.c.obj
 .ARM.attributes
                0x000000000000032c       0x2c CMakeFiles/pico-fso-bitbang.dir/home/toor/Downloads/pico/pico-sdk/src/rp2_common/hardware_watchdog/watchdog.c.obj
 .ARM.attributes
                0x0000000000000358       0x2c CMakeFiles/pico-fso-bitbang.dir/home/toor/Downloads/pico/pico-sdk/src/rp2_common/hardware_xosc/xosc.c.obj
 .ARM.attributes
                0x0000000000000384       0x2c CMakeFiles/pico-fso-bitbang.dir/home/toor/Downloads/pico/pico-sdk/src/rp2_common/pico_printf/printf.c.obj
 .ARM.attributes
                0x00000000000003b0       0x22 CMakeFiles/pico-fso-bitbang.dir/home/toor/Downloads/pico/pico-sdk/src/rp2_common/pico_bit_ops/bit_ops_aeabi.S.obj
 .ARM.attributes
                0x00000000000003d2       0x2c CMakeFiles/pico-fso-bitbang.dir/home/toor/Downloads/pico/pico-sdk/src/rp2_common/pico_bootrom/bootrom.c.obj
 .ARM.attributes
                0x00000000000003fe       0x22 CMakeFiles/pico-fso-bitbang.dir/home/toor/Downloads/pico/pico-sdk/src/rp2_common/pico_divider/divider.S.obj
 .ARM.attributes
                0x0000000000000420       0x22 CMakeFiles/pico-fso-bitbang.dir/home/toor/Downloads/pico/pico-sdk/src/rp2_common/pico_double/double_aeabi.S.obj
 .ARM.attributes
                0x0000000000000442       0x2c CMakeFiles/pico-fso-bitbang.dir/home/toor/Downloads/pico/pico-sdk/src/rp2_common/pico_double/double_init_rom.c.obj
 .ARM.attributes
                0x000000000000046e       0x22 CMakeFiles/pico-fso-bitbang.dir/home/toor/Downloads/pico/pico-sdk/src/rp2_common/pico_double/double_v1_rom_shim.S.obj
 .ARM.attributes
                0x0000000000000490       0x22 CMakeFiles/pico-fso-bitbang.dir/home/toor/Downloads/pico/pico-sdk/src/rp2_common/pico_float/float_aeabi.S.obj
 .ARM.attributes
                0x00000000000004b2       0x2c CMakeFiles/pico-fso-bitbang.dir/home/toor/Downloads/pico/pico-sdk/src/rp2_common/pico_float/float_init_rom.c.obj
 .ARM.attributes
                0x00000000000004de       0x22 CMakeFiles/pico-fso-bitbang.dir/home/toor/Downloads/pico/pico-sdk/src/rp2_common/pico_float/float_v1_rom_shim.S.obj
 .ARM.attributes
                0x0000000000000500       0x2c CMakeFiles/pico-fso-bitbang.dir/home/toor/Downloads/pico/pico-sdk/src/rp2_common/pico_malloc/pico_malloc.c.obj
 .ARM.attributes
                0x000000000000052c       0x22 CMakeFiles/pico-fso-bitbang.dir/home/toor/Downloads/pico/pico-sdk/src/rp2_common/pico_mem_ops/mem_ops_aeabi.S.obj
 .ARM.attributes
                0x000000000000054e       0x22 CMakeFiles/pico-fso-bitbang.dir/home/toor/Downloads/pico/pico-sdk/src/rp2_common/pico_standard_link/crt0.S.obj
 .ARM.attributes
                0x0000000000000570       0x32 CMakeFiles/pico-fso-bitbang.dir/home/toor/Downloads/pico/pico-sdk/src/rp2_common/pico_standard_link/binary_info.c.obj
 .ARM.attributes
                0x00000000000005a2       0x2c CMakeFiles/pico-fso-bitbang.dir/home/toor/Downloads/pico/pico-sdk/src/rp2_common/pico_stdio/stdio.c.obj
 .ARM.attributes
                0x00000000000005ce       0x2c CMakeFiles/pico-fso-bitbang.dir/home/toor/Downloads/pico/pico-sdk/src/rp2_common/pico_stdio_uart/stdio_uart.c.obj
 .ARM.attributes
                0x00000000000005fa       0x22 /tmp/ccyuF65B.o
 .ARM.attributes
                0x000000000000061c       0x1e /usr/lib/gcc/arm-none-eabi/9.2.1/thumb/v6-m/nofp/libgcc.a(_dvmd_tls.o)
 .ARM.attributes
                0x000000000000063a       0x2c /usr/lib/gcc/arm-none-eabi/9.2.1/../../../arm-none-eabi/lib/thumb/v6-m/nofp/libg.a(lib_a-calloc.o)
 .ARM.attributes
                0x0000000000000666       0x2c /usr/lib/gcc/arm-none-eabi/9.2.1/../../../arm-none-eabi/lib/thumb/v6-m/nofp/libg.a(lib_a-callocr.o)
 .ARM.attributes
                0x0000000000000692       0x2c /usr/lib/gcc/arm-none-eabi/9.2.1/../../../arm-none-eabi/lib/thumb/v6-m/nofp/libg.a(lib_a-ctype_.o)
 .ARM.attributes
                0x00000000000006be       0x2c /usr/lib/gcc/arm-none-eabi/9.2.1/../../../arm-none-eabi/lib/thumb/v6-m/nofp/libg.a(lib_a-impure.o)
 .ARM.attributes
                0x00000000000006ea       0x2c /usr/lib/gcc/arm-none-eabi/9.2.1/../../../arm-none-eabi/lib/thumb/v6-m/nofp/libg.a(lib_a-mallocr.o)
 .ARM.attributes
                0x0000000000000716       0x2c /usr/lib/gcc/arm-none-eabi/9.2.1/../../../arm-none-eabi/lib/thumb/v6-m/nofp/libg.a(lib_a-mlock.o)
 .ARM.attributes
                0x0000000000000742       0x2c /usr/lib/gcc/arm-none-eabi/9.2.1/../../../arm-none-eabi/lib/thumb/v6-m/nofp/libg.a(lib_a-sbrkr.o)
 .ARM.attributes
                0x000000000000076e       0x2c /usr/lib/gcc/arm-none-eabi/9.2.1/../../../arm-none-eabi/lib/thumb/v6-m/nofp/libg.a(lib_a-strlen-stub.o)
 .ARM.attributes
                0x000000000000079a       0x2c /usr/lib/gcc/arm-none-eabi/9.2.1/../../../arm-none-eabi/lib/thumb/v6-m/nofp/libg.a(lib_a-freer.o)
 .ARM.attributes
                0x00000000000007c6       0x2c /usr/lib/gcc/arm-none-eabi/9.2.1/../../../arm-none-eabi/lib/thumb/v6-m/nofp/libg.a(lib_a-reent.o)
 .ARM.attributes
                0x00000000000007f2       0x2c /usr/lib/gcc/arm-none-eabi/9.2.1/thumb/v6-m/nofp/crtend.o

.comment        0x0000000000000000       0xa7
 .comment       0x0000000000000000       0x59 /usr/lib/gcc/arm-none-eabi/9.2.1/thumb/v6-m/nofp/crtbegin.o
                                         0x5a (size before relaxing)
 .comment       0x0000000000000059       0x5a CMakeFiles/pico-fso-bitbang.dir/main.c.obj
 .comment       0x0000000000000059       0x5a CMakeFiles/pico-fso-bitbang.dir/home/toor/Downloads/pico/pico-sdk/src/rp2_common/hardware_gpio/gpio.c.obj
 .comment       0x0000000000000059       0x5a CMakeFiles/pico-fso-bitbang.dir/home/toor/Downloads/pico/pico-sdk/src/rp2_common/hardware_claim/claim.c.obj
 .comment       0x0000000000000059       0x5a CMakeFiles/pico-fso-bitbang.dir/home/toor/Downloads/pico/pico-sdk/src/rp2_common/pico_platform/platform.c.obj
 .comment       0x0000000000000059       0x5a CMakeFiles/pico-fso-bitbang.dir/home/toor/Downloads/pico/pico-sdk/src/rp2_common/hardware_sync/sync.c.obj
 .comment       0x0000000000000059       0x5a CMakeFiles/pico-fso-bitbang.dir/home/toor/Downloads/pico/pico-sdk/src/rp2_common/hardware_irq/irq.c.obj
 .comment       0x0000000000000059       0x5a CMakeFiles/pico-fso-bitbang.dir/home/toor/Downloads/pico/pico-sdk/src/common/pico_sync/lock_core.c.obj
 .comment       0x0000000000000059       0x5a CMakeFiles/pico-fso-bitbang.dir/home/toor/Downloads/pico/pico-sdk/src/common/pico_time/time.c.obj
 .comment       0x0000000000000059       0x5a CMakeFiles/pico-fso-bitbang.dir/home/toor/Downloads/pico/pico-sdk/src/rp2_common/hardware_timer/timer.c.obj
 .comment       0x0000000000000059       0x5a CMakeFiles/pico-fso-bitbang.dir/home/toor/Downloads/pico/pico-sdk/src/common/pico_util/pheap.c.obj
 .comment       0x0000000000000059       0x5a CMakeFiles/pico-fso-bitbang.dir/home/toor/Downloads/pico/pico-sdk/src/common/pico_util/queue.c.obj
 .comment       0x0000000000000059       0x5a CMakeFiles/pico-fso-bitbang.dir/home/toor/Downloads/pico/pico-sdk/src/common/pico_sync/mutex.c.obj
 .comment       0x0000000000000059       0x5a CMakeFiles/pico-fso-bitbang.dir/home/toor/Downloads/pico/pico-sdk/src/rp2_common/hardware_uart/uart.c.obj
 .comment       0x0000000000000059       0x5a CMakeFiles/pico-fso-bitbang.dir/home/toor/Downloads/pico/pico-sdk/src/rp2_common/pico_runtime/runtime.c.obj
 .comment       0x0000000000000059       0x5a CMakeFiles/pico-fso-bitbang.dir/home/toor/Downloads/pico/pico-sdk/src/rp2_common/hardware_clocks/clocks.c.obj
 .comment       0x0000000000000059       0x5a CMakeFiles/pico-fso-bitbang.dir/home/toor/Downloads/pico/pico-sdk/src/rp2_common/hardware_pll/pll.c.obj
 .comment       0x0000000000000059       0x5a CMakeFiles/pico-fso-bitbang.dir/home/toor/Downloads/pico/pico-sdk/src/rp2_common/hardware_watchdog/watchdog.c.obj
 .comment       0x0000000000000059       0x5a CMakeFiles/pico-fso-bitbang.dir/home/toor/Downloads/pico/pico-sdk/src/rp2_common/hardware_xosc/xosc.c.obj
 .comment       0x0000000000000059       0x5a CMakeFiles/pico-fso-bitbang.dir/home/toor/Downloads/pico/pico-sdk/src/rp2_common/pico_printf/printf.c.obj
 .comment       0x0000000000000059       0x5a CMakeFiles/pico-fso-bitbang.dir/home/toor/Downloads/pico/pico-sdk/src/rp2_common/pico_bootrom/bootrom.c.obj
 .comment       0x0000000000000059       0x5a CMakeFiles/pico-fso-bitbang.dir/home/toor/Downloads/pico/pico-sdk/src/rp2_common/pico_double/double_init_rom.c.obj
 .comment       0x0000000000000059       0x5a CMakeFiles/pico-fso-bitbang.dir/home/toor/Downloads/pico/pico-sdk/src/rp2_common/pico_float/float_init_rom.c.obj
 .comment       0x0000000000000059       0x5a CMakeFiles/pico-fso-bitbang.dir/home/toor/Downloads/pico/pico-sdk/src/rp2_common/pico_malloc/pico_malloc.c.obj
 .comment       0x0000000000000059       0x5a CMakeFiles/pico-fso-bitbang.dir/home/toor/Downloads/pico/pico-sdk/src/rp2_common/pico_standard_link/binary_info.c.obj
 .comment       0x0000000000000059       0x5a CMakeFiles/pico-fso-bitbang.dir/home/toor/Downloads/pico/pico-sdk/src/rp2_common/pico_stdio/stdio.c.obj
 .comment       0x0000000000000059       0x5a CMakeFiles/pico-fso-bitbang.dir/home/toor/Downloads/pico/pico-sdk/src/rp2_common/pico_stdio_uart/stdio_uart.c.obj
 .comment       0x0000000000000059       0x4e /usr/lib/gcc/arm-none-eabi/9.2.1/../../../arm-none-eabi/lib/thumb/v6-m/nofp/libg.a(lib_a-calloc.o)
                                         0x4f (size before relaxing)
 .comment       0x00000000000000a7       0x4f /usr/lib/gcc/arm-none-eabi/9.2.1/../../../arm-none-eabi/lib/thumb/v6-m/nofp/libg.a(lib_a-callocr.o)
 .comment       0x00000000000000a7       0x4f /usr/lib/gcc/arm-none-eabi/9.2.1/../../../arm-none-eabi/lib/thumb/v6-m/nofp/libg.a(lib_a-ctype_.o)
 .comment       0x00000000000000a7       0x4f /usr/lib/gcc/arm-none-eabi/9.2.1/../../../arm-none-eabi/lib/thumb/v6-m/nofp/libg.a(lib_a-impure.o)
 .comment       0x00000000000000a7       0x4f /usr/lib/gcc/arm-none-eabi/9.2.1/../../../arm-none-eabi/lib/thumb/v6-m/nofp/libg.a(lib_a-mallocr.o)
 .comment       0x00000000000000a7       0x4f /usr/lib/gcc/arm-none-eabi/9.2.1/../../../arm-none-eabi/lib/thumb/v6-m/nofp/libg.a(lib_a-mlock.o)
 .comment       0x00000000000000a7       0x4f /usr/lib/gcc/arm-none-eabi/9.2.1/../../../arm-none-eabi/lib/thumb/v6-m/nofp/libg.a(lib_a-sbrkr.o)
 .comment       0x00000000000000a7       0x4f /usr/lib/gcc/arm-none-eabi/9.2.1/../../../arm-none-eabi/lib/thumb/v6-m/nofp/libg.a(lib_a-strlen-stub.o)
 .comment       0x00000000000000a7       0x4f /usr/lib/gcc/arm-none-eabi/9.2.1/../../../arm-none-eabi/lib/thumb/v6-m/nofp/libg.a(lib_a-freer.o)